AI CHESSATHON MATCH LOG
=======================

MATCH
  Round          Final 117
  Team           catfish
  Colour         White
  Opponent       Ryan Vincent
  Opening        English Symmetrical
  Start FEN      r1bq1rk1/pp1pppbp/2n2np1/2p5/Q1P5/2N2NP1/PP1PPPBP/R1B2RK1 b - - 7 7
  You moved      Second
  Machine        w-f45c03
  Finished       2026-09-11 13:42:40 UTC
  Match ID       3fa7274e-7e4a-41a1-bc98-e7cdf9eefd9d

INIT
  Ready in       24.8 s
  Budget         90.0 s
  Used           28 percent

CLOCK
  Base           120.0 s plus 0.5 s per move
  Moves          73
  Time used      149.1 s
  Slowest        9.2 s on move 31
  Fastest        0.3 s on move 63
  Average        2.0 s
  Left at end    7.4 s

RESULT
  Drawn by threefold repetition
  Game lasted 296.7 s

MOVES
    #  move          time     clock left
    1  Qd1           4.7 s      115.8 s
    2  d3            4.8 s      111.5 s
    3  Rb1           2.3 s      109.7 s
    4  b3            4.2 s      105.9 s
    5  Bg5           2.1 s      104.3 s
    6  Nd5           7.9 s       97.0 s
    7  cxd5          2.0 s       95.5 s
    8  e4            2.2 s       93.8 s
    9  Qd2           1.9 s       92.4 s
   10  h3            1.8 s       91.0 s
   11  Bxf3          1.4 s       90.2 s
   12  Kg2           1.5 s       89.2 s
   13  exd5          2.8 s       86.9 s
   14  Be4           3.5 s       83.9 s
   15  Qc1           3.1 s       81.3 s
   16  Bf4           1.4 s       80.3 s
   17  Bxd6          8.0 s       72.8 s
   18  Bxb8          2.7 s       70.7 s
   19  Qd1           1.5 s       69.7 s
   20  Bxd5          2.8 s       67.4 s
   21  Qf3           2.7 s       65.2 s
   22  Rbc1          3.5 s       62.2 s
   23  h4            2.2 s       60.5 s
   24  Rc2           2.7 s       58.3 s
   25  Qe3           2.5 s       56.3 s
   26  Qe4           2.3 s       54.5 s
   27  Qf3           2.1 s       52.9 s
   28  Qb7           1.0 s       52.4 s
   29  Qa7           3.0 s       49.9 s
   30  Kh2           3.6 s       46.7 s
   31  Qxa5          9.2 s       38.0 s
   32  Qc7           2.0 s       36.5 s
   33  f4            0.5 s       36.5 s
   34  Qc8           1.5 s       35.5 s
   35  Rg2           0.7 s       35.3 s
   36  Qb8           2.1 s       33.7 s
   37  Qb5           1.2 s       33.0 s
   38  Qc4           1.4 s       32.2 s
   39  Qd5           1.8 s       30.9 s
   40  Qg5           2.1 s       29.3 s
   41  Qxg4          1.7 s       28.1 s
   42  f5            0.9 s       27.8 s
   43  Rf4           1.7 s       26.6 s
   44  Rxf5          2.4 s       24.7 s
   45  Rff2          1.1 s       24.1 s
   46  Rc2           1.1 s       23.5 s
   47  Rcd2          4.7 s       19.4 s
   48  Rd7           0.3 s       19.5 s
   49  Rd5           1.0 s       19.1 s
   50  Rd1           0.7 s       18.8 s
   51  Rd8           0.9 s       18.5 s
   52  Rc8           1.6 s       17.4 s
   53  Rg8+          0.9 s       17.0 s
   54  Rh8+          0.9 s       16.6 s
   55  Re8           1.1 s       16.0 s
   56  Rd8           0.5 s       15.9 s
   57  Ra8           0.4 s       16.0 s
   58  Ra5           0.9 s       15.6 s
   59  Ra7+          2.3 s       13.7 s
   60  Re7           2.5 s       11.7 s
   61  Re6           0.7 s       11.5 s
   62  Re8           0.8 s       11.2 s
   63  Ra8           0.3 s       11.5 s
   64  Ra6           0.5 s       11.5 s
   65  Rc6           0.3 s       11.7 s
   66  Rc8           0.5 s       11.6 s
   67  Rg1           2.3 s        9.8 s
   68  Kh1           1.9 s        8.4 s
   69  Rd1           0.8 s        8.2 s
   70  Kg2           1.0 s        7.6 s
   71  Kh1           0.7 s        7.4 s
   72  Kg2           0.5 s        7.4 s
   73  Kh1           0.5 s        7.4 s

OUTPUT
  5,091 bytes on stderr

  native engine ready after 23.8s
  init: native engine ready after 23.8s
  nativesearch a4d1 depth 14 score -43 nodes 2918982 4700ms clock 120000
  nativesearch d2d3 depth 14 score -33 nodes 2951320 4816ms clock 115798
  nativesearch a1b1 depth 13 score -39 nodes 1416526 2309ms clock 111480
  nativesearch b2b3 depth 12 score -38 nodes 2587376 4241ms clock 109669
  nativesearch c1g5 depth 12 score -46 nodes 1264445 2115ms clock 105926
  nativesearch c3d5 depth 15 score -21 nodes 4890093 7850ms clock 104309
  nativesearch c4d5 depth 14 score -24 nodes 1276317 1991ms clock 96956
  nativesearch e2e4 depth 14 score 33 nodes 1355745 2158ms clock 95463
  nativesearch d1d2 depth 15 score 29 nodes 1174624 1930ms clock 93803
  nativesearch h2h3 depth 13 score 29 nodes 1057722 1843ms clock 92369
  nativesearch g2f3 depth 14 score 20 nodes 832576 1356ms clock 91024
  nativesearch g1g2 depth 11 score 17 nodes 900836 1463ms clock 90166
  nativesearch e4d5 depth 15 score 10 nodes 1761712 2813ms clock 89201
  nativesearch f3e4 depth 16 score 10 nodes 2227671 3504ms clock 86885
  nativesearch d2c1 depth 15 score 58 nodes 2132884 3106ms clock 83879
  nativesearch g5f4 depth 16 score 58 nodes 961104 1430ms clock 81271
  nativesearch f4d6 depth 17 score 81 nodes 5484996 7989ms clock 80338
  nativesearch d6b8 depth 13 score 91 nodes 1833085 2687ms clock 72847
  nativesearch c1d1 depth 14 score 90 nodes 995869 1452ms clock 70658
  nativesearch e4d5 depth 13 score 110 nodes 1963481 2781ms clock 69705
  nativesearch d1f3 depth 16 score 107 nodes 1971006 2715ms clock 67422
  nativesearch b1c1 depth 15 score 103 nodes 2522047 3470ms clock 65205
  nativesearch h3h4 depth 15 score 92 nodes 1598493 2212ms clock 62233
  nativesearch c1c2 depth 14 score 61 nodes 2008252 2738ms clock 60519
  nativesearch f3e3 depth 17 score 80 nodes 1843672 2473ms clock 58279
  nativesearch e3e4 depth 16 score 91 nodes 1684816 2306ms clock 56303
  nativesearch e4f3 depth 16 score 55 nodes 1578544 2136ms clock 54494
  nativesearch f3b7 depth 15 score 78 nodes 702309 965ms clock 52856
  nativesearch b7a7 depth 19 score -30 nodes 2178299 2998ms clock 52389
  nativesearch g2h2 depth 16 score 22 nodes 2626445 3640ms clock 49889
  nativesearch a7a5 depth 16 score 22 nodes 6712615 9225ms clock 46747
  nativesearch a5c7 depth 14 score 70 nodes 1404002 1977ms clock 38020
  nativesearch f2f4 depth 14 score 46 nodes 390441 544ms clock 36540
  nativesearch c7c8 depth 15 score 73 nodes 1084500 1508ms clock 36494
  nativesearch c2g2 depth 14 score 88 nodes 491172 666ms clock 35484
  nativesearch c8b8 depth 16 score 112 nodes 1589530 2118ms clock 35316
  nativesearch b8b5 depth 16 score 72 nodes 836569 1151ms clock 33696
  nativesearch b5c4 depth 15 score 39 nodes 1019831 1362ms clock 33043
  nativesearch c4d5 depth 16 score 121 nodes 1382836 1778ms clock 32179
  nativesearch d5g5 depth 18 score 145 nodes 1637103 2080ms clock 30899
  nativesearch g5g4 depth 18 score 145 nodes 1357544 1674ms clock 29317
  nativesearch f4f5 depth 19 score 145 nodes 699661 882ms clock 28141
  nativesearch f1f4 depth 18 score 145 nodes 1415590 1699ms clock 27757
  nativesearch f4f5 depth 20 score 145 nodes 2012516 2366ms clock 26556
  nativesearch f5f2 depth 18 score 118 nodes 992065 1092ms clock 24687
  nativesearch f2c2 depth 18 score 145 nodes 942567 1082ms clock 24093
  nativesearch c2d2 depth 18 score 145 nodes 4254528 4654ms clock 23508
  nativesearch d2d7 depth 18 score 110 nodes 272779 305ms clock 19353
  nativesearch d7d5 depth 18 score 110 nodes 900340 988ms clock 19545
  nativesearch d5d1 depth 18 score 110 nodes 648547 709ms clock 19055
  nativesearch d1d8 depth 19 score 110 nodes 790563 886ms clock 18844
  nativesearch d8c8 depth 18 score 110 nodes 1427879 1603ms clock 18456
  nativesearch c8g8 depth 18 score 110 nodes 801281 892ms clock 17352
  nativesearch g8h8 depth 17 score 110 nodes 818264 905ms clock 16958
  nativesearch h8e8 depth 18 score 110 nodes 921452 1093ms clock 16551
  nativesearch e8d8 depth 18 score 110 nodes 465437 547ms clock 15957
  nativesearch d8a8 depth 18 score 110 nodes 358745 389ms clock 15908
  nativesearch a8a5 depth 18 score 110 nodes 842433 937ms clock 16017
  nativesearch a5a7 depth 17 score 76 nodes 2026785 2331ms clock 15578
  nativesearch a7e7 depth 14 score 76 nodes 2246453 2546ms clock 13745
  nativesearch e7e6 depth 17 score 76 nodes 632206 714ms clock 11697
  nativesearch e6e8 depth 15 score 76 nodes 663889 759ms clock 11481
  nativesearch e8a8 depth 15 score 76 nodes 233007 264ms clock 11220
  nativesearch a8a6 depth 14 score 76 nodes 435210 470ms clock 11454
  nativesearch a6c6 depth 14 score 76 nodes 280382 319ms clock 11482
  nativesearch c6c8 depth 14 score 76 nodes 467493 522ms clock 11661
  nativesearch g2g1 depth 15 score -25 nodes 2047658 2346ms clock 11637
  nativesearch h2h1 depth 15 score -30 nodes 1605544 1861ms clock 9789
  nativesearch g1d1 depth 15 score -30 nodes 664015 773ms clock 8426
  nativesearch h1g2 depth 14 score -30 nodes 891933 1038ms clock 8152
  nativesearch g2h1 depth 15 score -30 nodes 608590 694ms clock 7611
  nativesearch h1g2 depth 16 score -30 nodes 452841 511ms clock 7416
  nativesearch g2h1 depth 21 score -30 nodes 416242 456ms clock 7403

Email hello@aichessathon.com with this file if anything here is unclear.
