AI CHESSATHON MATCH LOG
=======================

MATCH
  Round          Practice round 16
  Team           catfish
  Colour         White
  Opponent       Asher Falcon
  Opening        London System
  Start FEN      r1bqk2r/pp3ppp/2nbpn2/2pp4/3P1B2/P1P1P3/1P1N1PPP/R2QKBNR w KQkq - 1 7
  You moved      First
  Machine        w-87a400
  Finished       2026-09-12 12:16:08 UTC
  Match ID       88fcd2e5-3856-4cff-976b-d792b398b601

INIT
  Ready in       20.4 s
  Budget         30.0 s
  Used           68 percent

CLOCK
  Base           120.0 s plus 0.5 s per move
  Moves          72
  Time used      146.0 s
  Slowest        7.0 s on move 18
  Fastest        0.0 s on move 4
  Average        2.0 s
  Left at end    10.0 s

RESULT
  Won by checkmate
  Game lasted 299.3 s

MOVES
    #  move          time     clock left
    1  Bg3           3.6 s      116.9 s
    2  Ngf3          0.0 s      117.4 s
    3  Be2           0.0 s      117.9 s
    4  Qc2           0.0 s      118.4 s
    5  e4            3.6 s      115.3 s
    6  Nxe4          3.1 s      112.8 s
    7  Qxe4          5.4 s      107.8 s
    8  O-O           1.4 s      107.0 s
    9  Qc2           4.9 s      102.5 s
   10  a4            5.9 s       97.1 s
   11  Nd2           2.5 s       95.1 s
   12  Bxh5          3.6 s       92.0 s
   13  Bf3           4.2 s       88.3 s
   14  Bxd6          3.3 s       85.6 s
   15  Rfe1          1.3 s       84.8 s
   16  g3            4.5 s       80.8 s
   17  Bg2           2.6 s       78.8 s
   18  Ne4           7.0 s       72.3 s
   19  bxc3          1.5 s       71.3 s
   20  Ra2           1.9 s       69.9 s
   21  Nc5           5.8 s       64.6 s
   22  Kxg2          1.1 s       64.0 s
   23  h3            6.4 s       58.1 s
   24  Nxe6          4.8 s       53.8 s
   25  Kh2           3.2 s       51.1 s
   26  Qg6           2.1 s       49.5 s
   27  Rae2          2.3 s       47.7 s
   28  Qxf5          2.4 s       45.8 s
   29  g4            2.0 s       44.3 s
   30  Re3           1.4 s       43.4 s
   31  Nc5           1.3 s       42.6 s
   32  Rxe3          1.8 s       41.3 s
   33  Kg2           0.7 s       41.1 s
   34  d5            1.8 s       39.8 s
   35  Re6           2.5 s       37.8 s
   36  Rd6           1.9 s       36.4 s
   37  Kf3           0.7 s       36.2 s
   38  h4            3.4 s       33.3 s
   39  Ne6           2.0 s       31.8 s
   40  Nxg7+         6.1 s       26.2 s
   41  Rd7+          1.8 s       24.9 s
   42  Nh5           0.4 s       25.1 s
   43  Nxf6          4.2 s       21.4 s
   44  Rd8+          2.4 s       19.5 s
   45  g5            2.8 s       17.1 s
   46  Nd5           0.6 s       17.0 s
   47  Kg4           0.5 s       17.0 s
   48  Rc8           0.6 s       16.9 s
   49  Kg3           1.0 s       16.4 s
   50  Ne3           0.7 s       16.2 s
   51  h5            2.2 s       14.4 s
   52  Rxc4          0.5 s       14.5 s
   53  g6+           1.7 s       13.3 s
   54  Nf5+          1.0 s       12.8 s
   55  Kg4           0.3 s       13.0 s
   56  Rd4           1.5 s       12.0 s
   57  Rd8           1.7 s       10.8 s
   58  Rf8+          1.3 s       10.0 s
   59  Nxe7          1.9 s        8.6 s
   60  f4+           0.2 s        8.9 s
   61  Nf5           0.5 s        9.0 s
   62  Rd8           1.3 s        8.2 s
   63  Ng3+          1.2 s        7.4 s
   64  Re8+          0.6 s        7.3 s
   65  g7            0.7 s        7.0 s
   66  g8=Q          0.4 s        7.1 s
   67  Re3+          0.1 s        7.5 s
   68  Qb3           0.0 s        8.0 s
   69  Rxg3          0.0 s        8.5 s
   70  Rg2+          0.0 s        9.0 s
   71  Qf3+          0.0 s        9.5 s
   72  Qe2#          0.0 s       10.0 s

OUTPUT
  4,916 bytes on stderr

  opening table: 92638 positions
  init: native engine still compiling after 19.7s
  native engine ready after 45.5s
  book f4g3 cp -7 clock 120000
  book g1f3 cp -8 clock 116913
  book f1e2 cp 4 clock 117411
  book d1c2 cp 7 clock 117910
  nativesearch e3e4 depth 13 score -5 nodes 2167199 3561ms clock 118408
  nativesearch d2e4 depth 15 score -9 nodes 1972164 3060ms clock 115341
  nativesearch c2e4 depth 16 score -4 nodes 3507575 5428ms clock 112779
  nativesearch e1g1 depth 15 score -4 nodes 916991 1383ms clock 107848
  nativesearch e4c2 depth 15 score -21 nodes 3154329 4921ms clock 106962
  nativesearch a3a4 depth 14 score -18 nodes 3818144 5905ms clock 102539
  nativesearch f3d2 depth 12 score -20 nodes 1577251 2486ms clock 97132
  nativesearch e2h5 depth 14 score 66 nodes 2355760 3605ms clock 95144
  nativesearch h5f3 depth 15 score 87 nodes 2789792 4190ms clock 92037
  nativesearch g3d6 depth 15 score 111 nodes 2195237 3280ms clock 88345
  nativesearch f1e1 depth 15 score 94 nodes 908832 1268ms clock 85563
  nativesearch g2g3 depth 13 score 85 nodes 2931188 4455ms clock 84793
  nativesearch f3g2 depth 12 score 117 nodes 1640609 2548ms clock 80836
  nativesearch d2e4 depth 16 score 143 nodes 4701342 6970ms clock 78785
  nativesearch b2c3 depth 12 score 188 nodes 978850 1505ms clock 72314
  nativesearch a1a2 depth 12 score 150 nodes 1257973 1859ms clock 71307
  nativesearch e4c5 depth 14 score 139 nodes 4053725 5815ms clock 69945
  nativesearch g1g2 depth 14 score 171 nodes 838507 1092ms clock 64629
  nativesearch h2h3 depth 14 score 224 nodes 4387241 6425ms clock 64034
  nativesearch c5e6 depth 16 score 280 nodes 3373151 4772ms clock 58107
  nativesearch g2h2 depth 16 score 268 nodes 2341191 3202ms clock 53833
  nativesearch c2g6 depth 15 score 288 nodes 1574607 2117ms clock 51129
  nativesearch a2e2 depth 16 score 319 nodes 1806507 2294ms clock 49510
  nativesearch g6f5 depth 16 score 361 nodes 2046663 2389ms clock 47714
  nativesearch g3g4 depth 16 score 357 nodes 1752127 2042ms clock 45822
  nativesearch e2e3 depth 13 score 361 nodes 1125161 1359ms clock 44278
  nativesearch e6c5 depth 13 score 415 nodes 1031623 1280ms clock 43418
  nativesearch e1e3 depth 16 score 397 nodes 1579877 1824ms clock 42636
  nativesearch h2g2 depth 17 score 397 nodes 617870 702ms clock 41310
  nativesearch d4d5 depth 13 score 475 nodes 1548969 1832ms clock 41106
  nativesearch e3e6 depth 16 score 495 nodes 2213306 2503ms clock 39772
  nativesearch e6d6 depth 16 score 537 nodes 1681931 1905ms clock 37767
  nativesearch g2f3 depth 12 score 537 nodes 613773 705ms clock 36360
  nativesearch h3h4 depth 15 score 563 nodes 2976855 3395ms clock 36153
  nativesearch c5e6 depth 16 score 587 nodes 1788391 1976ms clock 33257
  nativesearch e6g7 depth 15 score 587 nodes 5448399 6094ms clock 31778
  nativesearch d6d7 depth 12 score 628 nodes 1589453 1770ms clock 26182
  nativesearch g7h5 depth 13 score 598 nodes 335439 355ms clock 24910
  nativesearch h5f6 depth 16 score 664 nodes 3951502 4166ms clock 25053
  nativesearch d7d8 depth 14 score 702 nodes 2155226 2431ms clock 21386
  nativesearch g4g5 depth 15 score 715 nodes 2487951 2821ms clock 19453
  nativesearch f6d5 depth 11 score 668 nodes 573719 635ms clock 17130
  nativesearch f3g4 depth 11 score 737 nodes 470850 511ms clock 16993
  nativesearch d8c8 depth 11 score 725 nodes 525686 585ms clock 16980
  nativesearch g4g3 depth 12 score 769 nodes 868064 967ms clock 16893
  nativesearch d5e3 depth 13 score 809 nodes 661400 745ms clock 16424
  nativesearch h4h5 depth 13 score 785 nodes 2076356 2230ms clock 16177
  nativesearch c8c4 depth 13 score 858 nodes 453617 482ms clock 14445
  nativesearch g5g6 depth 11 score 984 nodes 1553016 1682ms clock 14461
  nativesearch e3f5 depth 11 score 1034 nodes 920377 968ms clock 13277
  nativesearch g3g4 depth 10 score 1047 nodes 313718 333ms clock 12807
  nativesearch c4d4 depth 12 score 1508 nodes 1448971 1480ms clock 12973
  nativesearch d4d8 depth 12 score 1619 nodes 1754880 1693ms clock 11991
  nativesearch d8f8 depth 12 score 1843 nodes 1310850 1333ms clock 10797
  nativesearch f5e7 depth 11 score 1843 nodes 1839449 1852ms clock 9963
  nativesearch f2f4 depth 9 score 2007 nodes 188156 174ms clock 8609
  nativesearch e7f5 depth 11 score 2033 nodes 466143 462ms clock 8933
  nativesearch f8d8 depth 10 score 2224 nodes 1779282 1301ms clock 8970
  nativesearch f5g3 depth 8 score 2143 nodes 1547800 1246ms clock 8167
  nativesearch d8e8 depth 9 score 2334 nodes 724052 629ms clock 7419
  nativesearch g6g7 depth 10 score 2308 nodes 909390 738ms clock 7288
  nativesearch g7g8q depth 13 score 99987 nodes 631762 431ms clock 7048
  nativesearch e8e3 depth 11 score 99989 nodes 137582 83ms clock 7115
  nativesearch g8b3 depth 9 score 99991 nodes 20326 13ms clock 7530
  nativesearch e3g3 depth 7 score 99993 nodes 135 1ms clock 8015
  nativesearch g3g2 depth 5 score 99995 nodes 673 1ms clock 8513
  nativesearch b3f3 depth 3 score 99997 nodes 151 1ms clock 9010
  nativesearch f3e2 depth 1 score 99999 nodes 33 0ms clock 9508

Email hello@aichessathon.com with this file if anything here is unclear.
