AI CHESSATHON MATCH LOG
=======================

MATCH
  Round          Practice round 7
  Team           catfish
  Colour         White
  Opponent       Ryan Vincent
  Opening        Ruy Lopez, Closed
  Start FEN      r1bq1rk1/2p1bppp/p2p1n2/np2p3/4P3/1B1P1N1P/PPPN1PP1/R1BQR1K1 b - - 2 10
  You moved      Second
  Machine        w-791165
  Finished       2026-09-12 10:46:06 UTC
  Match ID       6c08f89a-b79e-4bec-a4d0-d9fc11e28701

INIT
  Ready in       20.4 s
  Budget         30.0 s
  Used           68 percent

CLOCK
  Base           120.0 s plus 0.5 s per move
  Moves          92
  Time used      155.3 s
  Slowest        7.6 s on move 22
  Fastest        0.0 s on move 91
  Average        1.7 s
  Left at end    10.7 s

RESULT
  Lost by checkmate
  Game lasted 302.2 s

MOVES
    #  move          time     clock left
    1  axb3          6.2 s      114.3 s
    2  Nf1           1.9 s      112.9 s
    3  N3h2          2.6 s      110.8 s
    4  Ng3           2.4 s      108.9 s
    5  Bd2           2.6 s      106.8 s
    6  Ra2           6.0 s      101.3 s
    7  c4            1.2 s      100.6 s
    8  Qc2           2.5 s       98.6 s
    9  Rea1          4.0 s       95.1 s
   10  Qd1           3.9 s       91.7 s
   11  Nh5           4.7 s       87.5 s
   12  Ng3           2.6 s       85.4 s
   13  Qf3           1.5 s       84.4 s
   14  Rf1           1.2 s       83.7 s
   15  Qd1           7.2 s       77.0 s
   16  Ne2           2.7 s       74.8 s
   17  f4            1.6 s       73.8 s
   18  dxe4          3.5 s       70.8 s
   19  Nc1           3.2 s       68.1 s
   20  Bxf4          1.5 s       67.0 s
   21  Bd2           3.9 s       63.6 s
   22  Nf3           7.6 s       56.5 s
   23  Nxd3          1.5 s       55.4 s
   24  Qe2           3.7 s       52.2 s
   25  Nfe1          2.2 s       50.5 s
   26  Qe3           1.7 s       49.3 s
   27  Qxd4          0.9 s       48.9 s
   28  Bxb4          1.1 s       48.4 s
   29  Nc5           2.7 s       46.2 s
   30  Rxa5          6.3 s       40.3 s
   31  Ncd3          1.7 s       39.2 s
   32  Rf3           4.0 s       35.7 s
   33  Rf2           4.1 s       32.0 s
   34  Re5           0.8 s       31.7 s
   35  Rf6           0.6 s       31.6 s
   36  Nxe5          1.3 s       30.8 s
   37  Rg6+          2.0 s       29.4 s
   38  N1d3          1.4 s       28.5 s
   39  Rxh6+         1.1 s       27.9 s
   40  c5            2.1 s       26.3 s
   41  c6            2.9 s       23.9 s
   42  Nf4           0.5 s       23.9 s
   43  Nf3           1.9 s       22.5 s
   44  Kh1           1.1 s       21.9 s
   45  Kg1           2.1 s       20.2 s
   46  Nxh4          3.7 s       17.0 s
   47  Nfxg2         0.5 s       17.0 s
   48  Nxe3          0.3 s       17.3 s
   49  Be1           0.6 s       17.2 s
   50  c7            1.2 s       16.5 s
   51  Ng2           0.6 s       16.3 s
   52  b4            1.1 s       15.7 s
   53  Ne3           2.7 s       13.5 s
   54  b5            0.5 s       13.5 s
   55  Nc2           2.3 s       11.7 s
   56  Ba5           0.7 s       11.5 s
   57  Kh2           0.9 s       11.1 s
   58  Kh3           2.2 s        9.4 s
   59  Kg3           0.6 s        9.3 s
   60  Be1           1.5 s        8.3 s
   61  Bf2           0.3 s        8.5 s
   62  Ne1           0.4 s        8.6 s
   63  Nd3           0.5 s        8.6 s
   64  Ne1+          1.0 s        8.1 s
   65  Ng2           0.3 s        8.3 s
   66  Ne3           1.0 s        7.8 s
   67  Ng2           0.5 s        7.9 s
   68  Bc5           1.0 s        7.4 s
   69  Bf8           0.7 s        7.2 s
   70  Bh6+          0.6 s        7.1 s
   71  Kxg2          1.2 s        6.4 s
   72  c8=Q          1.3 s        5.6 s
   73  Kf3           0.4 s        5.7 s
   74  Kg4           0.8 s        5.4 s
   75  Kf5           0.5 s        5.4 s
   76  Kg6           1.1 s        4.8 s
   77  Bf4           0.4 s        5.0 s
   78  Kf6           0.0 s        5.4 s
   79  Ke6           0.0 s        5.9 s
   80  Ke7           0.0 s        6.4 s
   81  Kxf7          0.0 s        6.9 s
   82  Kg7           1.1 s        6.4 s
   83  Kg6           0.3 s        6.6 s
   84  Kf5           0.2 s        6.8 s
   85  Kg6           0.1 s        7.3 s
   86  Kf6           0.0 s        7.7 s
   87  Kg6           0.0 s        8.2 s
   88  Kh6           0.0 s        8.7 s
   89  Kg7           0.0 s        9.2 s
   90  Kh7           0.0 s        9.7 s
   91  Kh8           0.0 s       10.2 s
   92  Kh7           0.0 s       10.7 s

OUTPUT
  6,461 bytes on stderr

  init: native engine still compiling after 19.7s
  native engine ready after 71.5s
  compile wait 3507 ms in get_move: native engine ready
  nativesearch a2b3 depth 14 score -27 nodes 1667419 2660ms clock 116493
  nativesearch d2f1 depth 13 score -31 nodes 1223126 1945ms clock 114324
  nativesearch f3h2 depth 12 score -29 nodes 1603132 2609ms clock 112877
  nativesearch f1g3 depth 13 score -20 nodes 1442675 2359ms clock 110766
  nativesearch c1d2 depth 14 score -30 nodes 1620124 2612ms clock 108905
  nativesearch a1a2 depth 14 score -53 nodes 3636738 5996ms clock 106791
  nativesearch c2c4 depth 13 score -40 nodes 739452 1211ms clock 101293
  nativesearch d1c2 depth 13 score -72 nodes 1525319 2509ms clock 100579
  nativesearch e1a1 depth 14 score -74 nodes 2434227 4009ms clock 98568
  nativesearch c2d1 depth 14 score -102 nodes 2355017 3896ms clock 95057
  nativesearch g3h5 depth 14 score -99 nodes 2884505 4697ms clock 91659
  nativesearch h5g3 depth 14 score -89 nodes 1574820 2567ms clock 87460
  nativesearch d1f3 depth 13 score -105 nodes 926576 1498ms clock 85390
  nativesearch a1f1 depth 12 score -111 nodes 701656 1157ms clock 84390
  nativesearch f3d1 depth 15 score -83 nodes 4438455 7192ms clock 83730
  nativesearch g3e2 depth 14 score -37 nodes 1656664 2694ms clock 77036
  nativesearch f2f4 depth 13 score -36 nodes 945986 1567ms clock 74840
  nativesearch d3e4 depth 14 score -38 nodes 2098495 3452ms clock 73770
  nativesearch e2c1 depth 13 score -83 nodes 2015596 3247ms clock 70816
  nativesearch d2f4 depth 13 score -73 nodes 969536 1541ms clock 68067
  nativesearch f4d2 depth 14 score -65 nodes 2521680 3936ms clock 67024
  nativesearch h2f3 depth 14 score -97 nodes 4946779 7607ms clock 63585
  nativesearch c1d3 depth 11 score -91 nodes 960298 1531ms clock 56476
  nativesearch d1e2 depth 12 score -55 nodes 2355681 3733ms clock 55443
  nativesearch f3e1 depth 14 score -24 nodes 1420063 2248ms clock 52208
  nativesearch e2e3 depth 13 score -24 nodes 1017246 1648ms clock 50458
  nativesearch e3d4 depth 13 score 2 nodes 629017 869ms clock 49308
  nativesearch d2b4 depth 14 score 2 nodes 765479 1050ms clock 48937
  nativesearch d3c5 depth 13 score -49 nodes 2018407 2707ms clock 48385
  nativesearch a2a5 depth 15 score -91 nodes 4678778 6330ms clock 46176
  nativesearch c5d3 depth 14 score -91 nodes 1204956 1659ms clock 40344
  nativesearch f1f3 depth 14 score -30 nodes 2980911 4004ms clock 39183
  nativesearch f3f2 depth 14 score 6 nodes 3075967 4141ms clock 35676
  nativesearch a5e5 depth 12 score -13 nodes 628100 808ms clock 32033
  nativesearch f2f6 depth 12 score -21 nodes 485284 608ms clock 31723
  nativesearch d3e5 depth 14 score -40 nodes 1050401 1280ms clock 31612
  nativesearch f6g6 depth 12 score -46 nodes 1666375 1963ms clock 30830
  nativesearch e1d3 depth 13 score -61 nodes 1129525 1366ms clock 29365
  nativesearch g6h6 depth 12 score 4 nodes 934815 1110ms clock 28498
  nativesearch c4c5 depth 14 score -62 nodes 1825545 2114ms clock 27885
  nativesearch c5c6 depth 14 score -62 nodes 2395574 2866ms clock 26270
  nativesearch d3f4 depth 11 score -102 nodes 388889 468ms clock 23902
  nativesearch e5f3 depth 13 score -159 nodes 1624484 1909ms clock 23932
  nativesearch g1h1 depth 14 score -137 nodes 942896 1134ms clock 22521
  nativesearch h1g1 depth 16 score -116 nodes 1830165 2141ms clock 21885
  nativesearch f3h4 depth 16 score -116 nodes 3371479 3745ms clock 20242
  nativesearch f4g2 depth 15 score -134 nodes 438566 456ms clock 16995
  nativesearch g2e3 depth 15 score -134 nodes 264187 282ms clock 17036
  nativesearch b4e1 depth 15 score -127 nodes 602489 583ms clock 17253
  nativesearch c6c7 depth 15 score -140 nodes 1219582 1195ms clock 17168
  nativesearch h4g2 depth 15 score -143 nodes 660435 644ms clock 16471
  nativesearch b3b4 depth 16 score -157 nodes 1157490 1113ms clock 16325
  nativesearch g2e3 depth 14 score -210 nodes 2652673 2684ms clock 15709
  nativesearch b4b5 depth 11 score -219 nodes 484247 489ms clock 13524
  nativesearch e3c2 depth 13 score -240 nodes 2325430 2312ms clock 13533
  nativesearch e1a5 depth 14 score -201 nodes 728044 716ms clock 11719
  nativesearch g1h2 depth 14 score -224 nodes 917398 898ms clock 11501
  nativesearch h2h3 depth 13 score -224 nodes 2305649 2198ms clock 11101
  nativesearch h3g3 depth 11 score -261 nodes 605261 598ms clock 9401
  nativesearch a5e1 depth 13 score -256 nodes 1559896 1505ms clock 9301
  nativesearch e1f2 depth 11 score -246 nodes 328007 320ms clock 8294
  nativesearch c2e1 depth 11 score -238 nodes 378361 372ms clock 8472
  nativesearch e1d3 depth 10 score -316 nodes 474078 458ms clock 8598
  nativesearch d3e1 depth 11 score -316 nodes 1060300 1009ms clock 8638
  nativesearch e1g2 depth 11 score -302 nodes 323156 307ms clock 8127
  nativesearch g2e3 depth 12 score -302 nodes 1037747 979ms clock 8318
  nativesearch e3g2 depth 13 score -329 nodes 489371 465ms clock 7837
  nativesearch f2c5 depth 10 score -353 nodes 1012339 983ms clock 7870
  nativesearch c5f8 depth 9 score -386 nodes 672232 666ms clock 7385
  nativesearch f8h6 depth 8 score -855 nodes 678483 647ms clock 7217
  nativesearch g3g2 depth 8 score -876 nodes 1266295 1152ms clock 7068
  nativesearch c7c8q depth 8 score -2506 nodes 1439512 1319ms clock 6414
  nativesearch g2f3 depth 6 score -1412 nodes 414064 399ms clock 5593
  nativesearch f3g4 depth 6 score -1772 nodes 1140986 766ms clock 5692
  nativesearch g4f5 depth 7 score -2268 nodes 682673 495ms clock 5424
  nativesearch f5g6 depth 7 score -2268 nodes 1355710 1118ms clock 5427
  nativesearch h6f4 depth 12 score -99988 nodes 581405 355ms clock 4807
  nativesearch g6f6 depth 10 score -99990 nodes 60 1ms clock 4951
  nativesearch f6e6 depth 8 score -99992 nodes 29688 17ms clock 5449
  nativesearch e6e7 depth 0 score 0 nodes 0 0ms clock 5931
  nativesearch e7f7 depth 0 score 0 nodes 0 0ms clock 6429
  nativesearch f7g7 depth 18 score -99972 nodes 2168920 1063ms clock 6928
  nativesearch g7g6 depth 17 score -99976 nodes 617112 299ms clock 6363
  nativesearch g6f5 depth 16 score -99980 nodes 452070 217ms clock 6562
  nativesearch f5g6 depth 16 score -99984 nodes 168922 81ms clock 6844
  nativesearch g6f6 depth 14 score -99986 nodes 91647 41ms clock 7261
  nativesearch f6g6 depth 13 score -99988 nodes 26187 13ms clock 7719
  nativesearch g6h6 depth 10 score -99990 nodes 43 1ms clock 8204
  nativesearch h6g7 depth 8 score -99992 nodes 35 1ms clock 8702
  nativesearch g7h7 depth 6 score -99994 nodes 27 0ms clock 9201
  nativesearch h7h8 depth 4 score -99996 nodes 19 0ms clock 9699
  nativesearch h8h7 depth 0 score 0 nodes 0 0ms clock 10197

Email hello@aichessathon.com with this file if anything here is unclear.
