AI CHESSATHON MATCH LOG
=======================

MATCH
  Round          Practice round 14
  Team           catfish
  Colour         White
  Opponent       Zugzwin
  Opening        Reti Opening
  Start FEN      rnbqk2r/ppp1bppp/4pn2/8/2Pp4/4PNP1/PPQP1PBP/RNB1K2R b KQkq - 0 6
  You moved      Second
  Machine        w-2118a6
  Finished       2026-09-12 11:56:33 UTC
  Match ID       81a25746-3737-4730-976d-09e72f87f2b8

INIT
  Ready in       23.3 s
  Budget         30.0 s
  Used           78 percent

CLOCK
  Base           120.0 s plus 0.5 s per move
  Moves          105
  Time used      164.4 s
  Slowest        6.5 s on move 42
  Fastest        0.0 s on move 4
  Average        1.6 s
  Left at end    8.1 s

RESULT
  Drawn by fifty moves
  Game lasted 314.0 s

MOVES
    #  move          time     clock left
    1  d3            0.7 s      119.8 s
    2  exd4          0.0 s      120.3 s
    3  Bg5           0.0 s      120.8 s
    4  O-O           0.0 s      121.3 s
    5  Bxf6          4.1 s      117.7 s
    6  a3            4.3 s      113.9 s
    7  Nbd2          3.6 s      110.8 s
    8  c5            1.5 s      109.9 s
    9  Rfc1          1.4 s      108.9 s
   10  b4            2.5 s      107.0 s
   11  Nxb3          2.9 s      104.6 s
   12  Nfd2          2.6 s      102.5 s
   13  Nc4           2.2 s      100.8 s
   14  Qb2           3.4 s       97.9 s
   15  Rab1          3.3 s       95.0 s
   16  Qc2           4.7 s       90.8 s
   17  Re1           3.5 s       87.8 s
   18  Qxc4          3.4 s       84.9 s
   19  Ra1           5.4 s       80.0 s
   20  Nxa5          2.4 s       78.1 s
   21  Rab1          3.0 s       75.6 s
   22  Qe6           4.0 s       72.1 s
   23  Qxe5          3.2 s       69.4 s
   24  Qe8           2.8 s       67.1 s
   25  Rb5           4.2 s       63.3 s
   26  Qd7           3.8 s       60.1 s
   27  Rxb7          3.8 s       56.8 s
   28  Rxd7          2.0 s       55.3 s
   29  Re5           5.7 s       50.1 s
   30  Bf1           2.8 s       47.8 s
   31  Kg2           3.8 s       44.5 s
   32  Rdd5          2.9 s       42.1 s
   33  Rxd4          1.3 s       41.3 s
   34  Rb5           1.4 s       40.4 s
   35  Rc4           0.7 s       40.2 s
   36  Ra4           3.4 s       37.3 s
   37  h4            1.5 s       36.3 s
   38  Rb6           0.5 s       36.2 s
   39  Re6           2.5 s       34.2 s
   40  Re2           1.2 s       33.5 s
   41  Rc4           2.0 s       32.0 s
   42  Re6           6.5 s       26.0 s
   43  Rc2           0.8 s       25.7 s
   44  Re5           0.8 s       25.4 s
   45  f4            1.1 s       24.8 s
   46  Rd5           1.4 s       23.9 s
   47  Kh3           0.4 s       24.1 s
   48  Bg2           0.5 s       24.1 s
   49  Rxc7          0.5 s       24.1 s
   50  Rc8           2.0 s       22.7 s
   51  Bf1           0.7 s       22.5 s
   52  Rc6           0.5 s       22.5 s
   53  Bc4           1.4 s       21.6 s
   54  Bb5           0.4 s       21.6 s
   55  Bxc6          1.1 s       21.0 s
   56  Be8           0.6 s       21.0 s
   57  Kg2           1.5 s       19.9 s
   58  Bb5           0.9 s       19.5 s
   59  Bc4+          1.2 s       18.9 s
   60  Bb3           1.0 s       18.4 s
   61  Bd5           0.3 s       18.6 s
   62  Kf3           1.9 s       17.2 s
   63  Bc4           0.5 s       17.2 s
   64  Be6           0.6 s       17.1 s
   65  Bd7           0.5 s       17.1 s
   66  Kf2           1.1 s       16.5 s
   67  Bb5           0.4 s       16.6 s
   68  Ke1           1.0 s       16.1 s
   69  Kf1           0.9 s       15.7 s
   70  Bc4           0.7 s       15.5 s
   71  Bd5           1.1 s       14.9 s
   72  Bb3           0.9 s       14.5 s
   73  Ba2           0.3 s       14.7 s
   74  Ke1           0.8 s       14.4 s
   75  Bb1           0.8 s       14.1 s
   76  Bc2           1.3 s       13.3 s
   77  Kf1           0.5 s       13.3 s
   78  Ba4           1.0 s       12.8 s
   79  Bb3           0.9 s       12.4 s
   80  Bd5           1.5 s       11.4 s
   81  Ke1           1.0 s       10.9 s
   82  Kf2           0.5 s       10.9 s
   83  Kf1           1.1 s       10.2 s
   84  Bf3           1.0 s        9.8 s
   85  Bb7           0.8 s        9.5 s
   86  Ba6           0.4 s        9.6 s
   87  Kf2           0.9 s        9.2 s
   88  Bd3           0.6 s        9.1 s
   89  Bc4           0.4 s        9.2 s
   90  Kf1           0.7 s        9.0 s
   91  Ke2           0.5 s        9.0 s
   92  Bb5           0.2 s        9.3 s
   93  Bd3           0.9 s        8.9 s
   94  Bc4           0.6 s        8.8 s
   95  Kf3           0.6 s        8.7 s
   96  Kg2           0.6 s        8.6 s
   97  Ba6           1.8 s        7.3 s
   98  Kh1           0.5 s        7.3 s
   99  Kh2           0.4 s        7.4 s
  100  Kh1           0.3 s        7.6 s
  101  Kg2           0.5 s        7.7 s
  102  Kf3           0.5 s        7.7 s
  103  Bb5           0.3 s        7.9 s
  104  Kg2           0.5 s        7.9 s
  105  Bc6           0.3 s        8.1 s

OUTPUT
  7,109 bytes on stderr

  opening table: 61166 positions
  init: native engine still compiling after 22.7s
  native engine ready after 50.9s
  book d2d3 cp -28 clock 120000
  book e3d4 cp -24 clock 119821
  book c1g5 cp -20 clock 120319
  book e1g1 cp -19 clock 120818
  nativesearch g5f6 depth 15 score -16 nodes 2852737 4115ms clock 121316
  nativesearch a2a3 depth 17 score -18 nodes 2922930 4305ms clock 117696
  nativesearch b1d2 depth 16 score -11 nodes 2304159 3565ms clock 113888
  nativesearch c4c5 depth 15 score -11 nodes 937041 1449ms clock 110822
  nativesearch f1c1 depth 14 score -2 nodes 918142 1431ms clock 109870
  nativesearch b2b4 depth 14 score -22 nodes 1591968 2454ms clock 108938
  nativesearch d2b3 depth 14 score 2 nodes 1854069 2891ms clock 106982
  nativesearch f3d2 depth 15 score 12 nodes 1688694 2570ms clock 104588
  nativesearch d2c4 depth 13 score 3 nodes 1436965 2240ms clock 102516
  nativesearch c2b2 depth 13 score -4 nodes 2131237 3412ms clock 100774
  nativesearch a1b1 depth 13 score 6 nodes 2080968 3325ms clock 97860
  nativesearch b2c2 depth 14 score -11 nodes 2997620 4743ms clock 95033
  nativesearch c1e1 depth 15 score -2 nodes 2288526 3512ms clock 90788
  nativesearch c2c4 depth 16 score 7 nodes 2247355 3356ms clock 87775
  nativesearch b1a1 depth 16 score 8 nodes 3652782 5394ms clock 84917
  nativesearch b3a5 depth 14 score 27 nodes 1647851 2421ms clock 80021
  nativesearch a1b1 depth 15 score 0 nodes 2064547 2990ms clock 78098
  nativesearch c4e6 depth 15 score 29 nodes 2928904 4046ms clock 75606
  nativesearch e6e5 depth 15 score 69 nodes 2405024 3164ms clock 72058
  nativesearch e5e8 depth 16 score 60 nodes 2157469 2817ms clock 69392
  nativesearch b1b5 depth 16 score 28 nodes 3131451 4228ms clock 67073
  nativesearch e8d7 depth 17 score 54 nodes 3059629 3776ms clock 63344
  nativesearch b5b7 depth 16 score 47 nodes 2990014 3749ms clock 60066
  nativesearch b7d7 depth 17 score 39 nodes 1671108 2037ms clock 56815
  nativesearch e1e5 depth 16 score 45 nodes 4558052 5659ms clock 55276
  nativesearch g2f1 depth 15 score 73 nodes 2298891 2790ms clock 50115
  nativesearch g1g2 depth 16 score 62 nodes 3112642 3813ms clock 47823
  nativesearch d7d5 depth 16 score 61 nodes 2341668 2873ms clock 44508
  nativesearch d5d4 depth 15 score 61 nodes 1074280 1315ms clock 42133
  nativesearch e5b5 depth 10 score 50 nodes 1165085 1366ms clock 41316
  nativesearch d4c4 depth 10 score 29 nodes 628618 730ms clock 40448
  nativesearch c4a4 depth 15 score 28 nodes 3034727 3401ms clock 40216
  nativesearch h2h4 depth 15 score 28 nodes 1289304 1530ms clock 37313
  nativesearch b5b6 depth 13 score 28 nodes 460048 540ms clock 36281
  nativesearch b6e6 depth 14 score 28 nodes 2160450 2515ms clock 36239
  nativesearch e6e2 depth 12 score 27 nodes 1040708 1205ms clock 34221
  nativesearch a4c4 depth 13 score 27 nodes 1759169 2000ms clock 33514
  nativesearch e2e6 depth 14 score 30 nodes 5874513 6465ms clock 32012
  nativesearch c4c2 depth 12 score 39 nodes 739547 817ms clock 26045
  nativesearch e6e5 depth 11 score 22 nodes 673998 803ms clock 25727
  nativesearch f2f4 depth 13 score 38 nodes 955121 1105ms clock 25422
  nativesearch e5d5 depth 12 score 32 nodes 1209306 1371ms clock 24815
  nativesearch g2h3 depth 11 score 49 nodes 315818 356ms clock 23942
  nativesearch f1g2 depth 12 score 26 nodes 451006 487ms clock 24085
  nativesearch c2c7 depth 11 score 22 nodes 424566 449ms clock 24096
  nativesearch c7c8 depth 14 score -3 nodes 1935568 1955ms clock 24145
  nativesearch g2f1 depth 13 score 10 nodes 703794 736ms clock 22688
  nativesearch c8c6 depth 12 score 0 nodes 435962 457ms clock 22450
  nativesearch f1c4 depth 15 score 2 nodes 1375417 1439ms clock 22491
  nativesearch c4b5 depth 13 score 2 nodes 437174 413ms clock 21550
  nativesearch b5c6 depth 21 score -13 nodes 1489242 1094ms clock 21635
  nativesearch c6e8 depth 21 score -13 nodes 734061 566ms clock 21040
  nativesearch h3g2 depth 24 score -13 nodes 2174132 1526ms clock 20972
  nativesearch e8b5 depth 21 score -5 nodes 1395480 927ms clock 19945
  nativesearch b5c4 depth 23 score -5 nodes 1646829 1155ms clock 19515
  nativesearch c4b3 depth 24 score -5 nodes 1370646 978ms clock 18859
  nativesearch b3d5 depth 23 score -5 nodes 432469 303ms clock 18379
  nativesearch g2f3 depth 23 score -5 nodes 2780107 1883ms clock 18574
  nativesearch d5c4 depth 22 score -5 nodes 755689 505ms clock 17189
  nativesearch c4e6 depth 21 score -5 nodes 858311 583ms clock 17182
  nativesearch e6d7 depth 21 score 0 nodes 750336 495ms clock 17097
  nativesearch f3f2 depth 21 score 24 nodes 1746528 1114ms clock 17100
  nativesearch d7b5 depth 21 score 24 nodes 565152 395ms clock 16484
  nativesearch f2e1 depth 23 score 24 nodes 1383064 1003ms clock 16588
  nativesearch e1f1 depth 24 score 24 nodes 1306042 866ms clock 16083
  nativesearch b5c4 depth 24 score 24 nodes 1144103 714ms clock 15715
  nativesearch c4d5 depth 25 score 24 nodes 1624082 1080ms clock 15499
  nativesearch d5b3 depth 24 score 24 nodes 1338357 914ms clock 14918
  nativesearch b3a2 depth 23 score 24 nodes 437090 322ms clock 14501
  nativesearch f1e1 depth 24 score 24 nodes 1132182 776ms clock 14677
  nativesearch a2b1 depth 24 score 24 nodes 1227094 799ms clock 14400
  nativesearch b1c2 depth 24 score 24 nodes 1971186 1302ms clock 14098
  nativesearch e1f1 depth 23 score 24 nodes 736212 482ms clock 13294
  nativesearch c2a4 depth 24 score 24 nodes 1503721 966ms clock 13310
  nativesearch a4b3 depth 25 score 24 nodes 1477085 947ms clock 12842
  nativesearch b3d5 depth 26 score 24 nodes 2149401 1531ms clock 12393
  nativesearch f1e1 depth 24 score 24 nodes 1429023 955ms clock 11360
  nativesearch e1f2 depth 23 score 24 nodes 744197 536ms clock 10902
  nativesearch f2f1 depth 26 score 24 nodes 1641047 1118ms clock 10865
  nativesearch d5f3 depth 26 score 24 nodes 1403775 991ms clock 10245
  nativesearch f3b7 depth 25 score 24 nodes 1130656 773ms clock 9753
  nativesearch b7a6 depth 24 score 24 nodes 504760 351ms clock 9478
  nativesearch f1f2 depth 25 score 24 nodes 1369121 892ms clock 9625
  nativesearch a6d3 depth 24 score 24 nodes 950121 611ms clock 9231
  nativesearch d3c4 depth 24 score 24 nodes 610932 413ms clock 9119
  nativesearch f2f1 depth 25 score 24 nodes 1006376 663ms clock 9204
  nativesearch f1e2 depth 24 score 24 nodes 855681 533ms clock 9038
  nativesearch c4b5 depth 23 score 24 nodes 292353 192ms clock 9004
  nativesearch b5d3 depth 25 score 24 nodes 1310834 877ms clock 9310
  nativesearch d3c4 depth 24 score 24 nodes 912115 631ms clock 8931
  nativesearch e2f3 depth 24 score 24 nodes 917309 599ms clock 8798
  nativesearch f3g2 depth 24 score 24 nodes 977762 636ms clock 8697
  nativesearch c4a6 depth 24 score -30 nodes 2387338 1755ms clock 8559
  nativesearch g2h1 depth 25 score -30 nodes 617227 464ms clock 7302
  nativesearch h1h2 depth 28 score -30 nodes 571596 422ms clock 7336
  nativesearch h2h1 depth 22 score -30 nodes 384809 288ms clock 7412
  nativesearch h1g2 depth 25 score -30 nodes 610493 454ms clock 7622
  nativesearch g2f3 depth 26 score -30 nodes 680703 508ms clock 7666
  nativesearch a6b5 depth 26 score -30 nodes 367246 294ms clock 7657
  nativesearch f3g2 depth 32 score -30 nodes 572305 449ms clock 7861
  nativesearch b5c6 depth 27 score -30 nodes 378162 294ms clock 7910

Email hello@aichessathon.com with this file if anything here is unclear.
