AI CHESSATHON MATCH LOG
=======================

MATCH
  Round          Practice round 11
  Team           catfish
  Colour         White
  Opponent       what even is en passant
  Opening        Sicilian Closed
  Start FEN      r1bqk2r/pp2npbp/2np2p1/2p1p3/4P3/P1NP2PP/1PP1NPB1/R1BQK2R b KQkq - 2 8
  You moved      Second
  Machine        w-275dd8
  Finished       2026-09-12 11:26:16 UTC
  Match ID       e937fd62-7202-42cb-8f3e-81b56938c131

INIT
  Ready in       20.3 s
  Budget         30.0 s
  Used           68 percent

CLOCK
  Base           120.0 s plus 0.5 s per move
  Moves          70
  Time used      145.3 s
  Slowest        10.2 s on move 7
  Fastest        0.0 s on move 68
  Average        2.1 s
  Left at end    9.7 s

RESULT
  Lost by checkmate
  Game lasted 282.2 s

MOVES
    #  move          time     clock left
    1  O-O           5.4 s      115.1 s
    2  Rb1           3.5 s      112.1 s
    3  exf5          4.1 s      108.5 s
    4  Bg5           2.1 s      106.9 s
    5  b4            1.9 s      105.5 s
    6  b5            2.1 s      103.8 s
    7  Bxb7         10.2 s       94.2 s
    8  Nxd4          2.7 s       92.0 s
    9  Bxe7          1.5 s       90.9 s
   10  Nd5           1.5 s       89.9 s
   11  Nb4           1.4 s       89.0 s
   12  Qf3           2.4 s       87.1 s
   13  Rbe1          4.8 s       82.8 s
   14  Re2           1.4 s       81.9 s
   15  axb4          2.2 s       80.2 s
   16  Re4           1.8 s       78.8 s
   17  Qg4           4.0 s       75.3 s
   18  Qe6           2.5 s       73.3 s
   19  g4            2.3 s       71.5 s
   20  Qd5           3.9 s       68.2 s
   21  Rfe1          6.1 s       62.6 s
   22  c4            4.5 s       58.7 s
   23  Rc1           2.3 s       56.8 s
   24  Kh2           2.7 s       54.6 s
   25  Rc4           1.1 s       54.0 s
   26  dxc4          2.0 s       52.5 s
   27  Rxc3          3.1 s       49.9 s
   28  Rc1           2.4 s       48.0 s
   29  Re1           6.0 s       42.5 s
   30  Qc6           8.2 s       34.8 s
   31  Qf3           4.0 s       31.3 s
   32  Re4           1.8 s       30.0 s
   33  Re1           2.6 s       27.9 s
   34  Kh1           0.8 s       27.6 s
   35  c5            2.5 s       25.7 s
   36  bxc5          2.1 s       24.1 s
   37  Qe4+          1.4 s       23.2 s
   38  Rg1           0.8 s       22.9 s
   39  Kxg1          0.9 s       22.5 s
   40  Qc6           2.1 s       20.9 s
   41  Kh2           3.2 s       18.3 s
   42  Qc3           0.3 s       18.5 s
   43  Qc8           1.6 s       17.3 s
   44  Qc1           0.6 s       17.2 s
   45  Qxf4          2.5 s       15.2 s
   46  Qxe5          0.7 s       15.1 s
   47  h4            1.1 s       14.5 s
   48  Kh3           0.7 s       14.2 s
   49  Kg2           0.7 s       14.1 s
   50  Kf1           0.8 s       13.8 s
   51  fxe3          2.4 s       11.9 s
   52  Ke2           0.5 s       11.9 s
   53  e4            2.6 s        9.9 s
   54  Ke3           0.6 s        9.8 s
   55  Kd3           1.9 s        8.4 s
   56  Kd2           1.2 s        7.7 s
   57  Ke2           0.1 s        8.1 s
   58  Kd1           0.5 s        8.0 s
   59  Ke1           1.7 s        6.8 s
   60  Kf2           1.5 s        5.8 s
   61  Ke1           0.3 s        6.1 s
   62  Kf2           0.9 s        5.7 s
   63  Kg1           0.0 s        6.2 s
   64  Kf1           0.0 s        6.7 s
   65  Kf2           0.0 s        7.2 s
   66  Kf3           0.0 s        7.7 s
   67  Kg2           0.0 s        8.2 s
   68  Kg3           0.0 s        8.7 s
   69  Kh3           0.0 s        9.2 s
   70  Kh2           0.0 s        9.7 s

OUTPUT
  5,010 bytes on stderr

  init: native engine still compiling after 19.7s
  native engine ready after 53.0s
  compile wait 3934 ms in get_move: native engine ready
  nativesearch e1g1 depth 10 score -26 nodes 911955 1492ms clock 116066
  nativesearch a1b1 depth 10 score -31 nodes 2013441 3473ms clock 115066
  nativesearch e4f5 depth 13 score -12 nodes 2522994 4123ms clock 112091
  nativesearch c1g5 depth 13 score -30 nodes 1354589 2113ms clock 108466
  nativesearch b2b4 depth 13 score -38 nodes 1220113 1851ms clock 106850
  nativesearch b4b5 depth 14 score -25 nodes 1365716 2146ms clock 105497
  nativesearch g2b7 depth 16 score -69 nodes 6778086 10190ms clock 103849
  nativesearch e2d4 depth 16 score -99 nodes 1800030 2703ms clock 94156
  nativesearch g5e7 depth 15 score -109 nodes 1061171 1539ms clock 91951
  nativesearch c3d5 depth 16 score -109 nodes 1017540 1490ms clock 90910
  nativesearch d5b4 depth 14 score -94 nodes 953005 1437ms clock 89918
  nativesearch d1f3 depth 13 score -100 nodes 1591654 2402ms clock 88979
  nativesearch b1e1 depth 14 score -89 nodes 3127217 4763ms clock 87075
  nativesearch e1e2 depth 13 score -109 nodes 950686 1424ms clock 82810
  nativesearch a3b4 depth 15 score -76 nodes 1530679 2210ms clock 81883
  nativesearch e2e4 depth 13 score -90 nodes 1312337 1830ms clock 80171
  nativesearch f3g4 depth 16 score -82 nodes 2978285 4011ms clock 78838
  nativesearch g4e6 depth 14 score -88 nodes 1824202 2508ms clock 75325
  nativesearch g3g4 depth 14 score -102 nodes 1552123 2268ms clock 73314
  nativesearch e6d5 depth 15 score -106 nodes 2702695 3863ms clock 71544
  nativesearch f1e1 depth 14 score -141 nodes 4163918 6057ms clock 68180
  nativesearch c2c4 depth 14 score -133 nodes 3165251 4455ms clock 62620
  nativesearch e1c1 depth 16 score -136 nodes 1695564 2331ms clock 58663
  nativesearch g1h2 depth 16 score -122 nodes 2040365 2719ms clock 56830
  nativesearch e4c4 depth 14 score -98 nodes 846975 1091ms clock 54609
  nativesearch d3c4 depth 15 score -171 nodes 1655173 2023ms clock 54016
  nativesearch c1c3 depth 16 score -138 nodes 2619815 3119ms clock 52491
  nativesearch c3c1 depth 16 score -155 nodes 2054521 2387ms clock 49869
  nativesearch c1e1 depth 18 score -139 nodes 5227629 5991ms clock 47981
  nativesearch d5c6 depth 18 score -139 nodes 6929639 8174ms clock 42487
  nativesearch c6f3 depth 14 score -186 nodes 3928720 4011ms clock 34811
  nativesearch e1e4 depth 18 score -186 nodes 1579315 1822ms clock 31297
  nativesearch e4e1 depth 16 score -164 nodes 2192895 2584ms clock 29973
  nativesearch h2h1 depth 14 score -183 nodes 671358 751ms clock 27887
  nativesearch c4c5 depth 15 score -221 nodes 2299099 2459ms clock 27634
  nativesearch b4c5 depth 14 score -192 nodes 1985066 2091ms clock 25673
  nativesearch f3e4 depth 13 score -169 nodes 1325527 1388ms clock 24080
  nativesearch e1g1 depth 14 score -205 nodes 716541 765ms clock 23190
  nativesearch h1g1 depth 12 score -152 nodes 873432 875ms clock 22924
  nativesearch e4c6 depth 12 score -189 nodes 2123685 2099ms clock 22546
  nativesearch g1h2 depth 14 score -225 nodes 3134174 3173ms clock 20945
  nativesearch c6c3 depth 14 score -225 nodes 309914 310ms clock 18270
  nativesearch c3c8 depth 12 score -318 nodes 1601566 1646ms clock 18458
  nativesearch c8c1 depth 11 score -289 nodes 569165 600ms clock 17310
  nativesearch c1f4 depth 12 score -441 nodes 2410469 2457ms clock 17207
  nativesearch f4e5 depth 16 score -626 nodes 803880 664ms clock 15248
  nativesearch h3h4 depth 18 score -685 nodes 1432178 1090ms clock 15082
  nativesearch h2h3 depth 18 score -701 nodes 925931 743ms clock 14490
  nativesearch h3g2 depth 17 score -789 nodes 890583 688ms clock 14245
  nativesearch g2f1 depth 18 score -1058 nodes 982945 755ms clock 14055
  nativesearch f2e3 depth 18 score -1266 nodes 3067062 2364ms clock 13799
  nativesearch f1e2 depth 18 score -1266 nodes 591999 495ms clock 11932
  nativesearch e3e4 depth 16 score -1164 nodes 3159650 2549ms clock 11935
  nativesearch e2e3 depth 18 score -1472 nodes 926801 606ms clock 9884
  nativesearch e3d3 depth 20 score -2079 nodes 2515566 1865ms clock 9776
  nativesearch d3d2 depth 20 score -2079 nodes 1568515 1201ms clock 8410
  nativesearch d2e2 depth 14 score -1776 nodes 173584 137ms clock 7707
  nativesearch e2d1 depth 17 score -2752 nodes 713908 549ms clock 8068
  nativesearch d1e1 depth 14 score -2567 nodes 2266768 1699ms clock 8017
  nativesearch e1f2 depth 14 score -2541 nodes 1902194 1474ms clock 6816
  nativesearch f2e1 depth 14 score -3696 nodes 388112 264ms clock 5840
  nativesearch e1f2 depth 17 score -99984 nodes 1339061 866ms clock 6074
  nativesearch f2g1 depth 14 score -99986 nodes 89 1ms clock 5706
  nativesearch g1f1 depth 14 score -99988 nodes 12543 7ms clock 6204
  nativesearch f1f2 depth 10 score -99990 nodes 43 0ms clock 6696
  nativesearch f2f3 depth 8 score -99992 nodes 35 1ms clock 7194
  nativesearch f3g2 depth 8 score -99992 nodes 30862 18ms clock 7692
  nativesearch g2g3 depth 6 score -99994 nodes 36 0ms clock 8172
  nativesearch g3h3 depth 4 score -99996 nodes 136 1ms clock 8670
  nativesearch h3h2 depth 0 score 0 nodes 0 0ms clock 9168

Email hello@aichessathon.com with this file if anything here is unclear.
