AI CHESSATHON MATCH LOG
=======================

MATCH
  Round          Rated 76
  Team           catfish
  Colour         Black
  Opponent       pheanup
  Opening        Ruy Lopez, Closed
  Start FEN      r1bq1rk1/2p1bppp/p2p1n2/np2p3/4P3/1B1P1N1P/PPPN1PP1/R1BQR1K1 b - - 2 10
  You moved      First
  Machine        w-7e09b1
  Finished       2026-09-09 07:10:21 UTC
  Match ID       5abf858d-d06e-464e-96ce-80a38632775c

INIT
  Ready in       27.5 s
  Budget         90.0 s
  Used           31 percent

CLOCK
  Base           120.0 s plus 0.5 s per move
  Moves          217
  Time used      211.2 s
  Slowest        8.6 s on move 25
  Fastest        0.0 s on move 217
  Average        1.0 s
  Left at end    17.3 s

RESULT
  Drawn by threefold repetition
  Game lasted 436.2 s

MOVES
    #  move          time     clock left
    1  Re8           3.4 s      117.1 s
    2  Nxb3          6.3 s      111.3 s
    3  c5            1.9 s      109.9 s
    4  a5            2.5 s      108.0 s
    5  h6            2.2 s      106.3 s
    6  Bxf6          1.3 s      105.5 s
    7  Be6           2.7 s      103.3 s
    8  Qc7           3.6 s      100.2 s
    9  Bd8           1.2 s       99.5 s
   10  Rb8           3.9 s       96.0 s
   11  Qd7           4.8 s       91.7 s
   12  Rf8           2.6 s       89.6 s
   13  Rxb5          4.2 s       85.9 s
   14  Rb4           2.1 s       84.3 s
   15  Bc7           3.4 s       81.4 s
   16  Bxa5          1.5 s       80.3 s
   17  Bxb3          1.0 s       79.8 s
   18  Qd8           3.6 s       76.7 s
   19  Be6           7.0 s       70.2 s
   20  Qb8           3.8 s       66.9 s
   21  Rd8           6.6 s       60.8 s
   22  Rxb3          2.9 s       58.4 s
   23  Qxb3          5.8 s       53.1 s
   24  Rxd6          1.9 s       51.6 s
   25  Qb1+          8.6 s       43.5 s
   26  Qb6           1.2 s       42.8 s
   27  Qc7           1.1 s       42.2 s
   28  c4            1.1 s       41.7 s
   29  Qxc4          1.9 s       40.3 s
   30  Kh7           3.2 s       37.6 s
   31  Qd4           0.8 s       37.4 s
   32  g6            1.3 s       36.5 s
   33  h5            1.2 s       35.9 s
   34  Bc4           0.7 s       35.6 s
   35  Kg8           1.0 s       35.1 s
   36  Be6           1.7 s       34.0 s
   37  Kg7           1.4 s       33.1 s
   38  Kh8           2.2 s       31.4 s
   39  Kg7           1.1 s       30.8 s
   40  Kf8           0.8 s       30.5 s
   41  Kg7           1.5 s       29.4 s
   42  Qa1           2.2 s       27.8 s
   43  Kg8           1.5 s       26.8 s
   44  Kg7           1.4 s       25.8 s
   45  Kg8           1.2 s       25.1 s
   46  Kh7           0.9 s       24.8 s
   47  Qe1           1.3 s       23.9 s
   48  Qa1           0.6 s       23.8 s
   49  Qa7           1.2 s       23.1 s
   50  Qc7           1.0 s       22.6 s
   51  Kg8           1.3 s       21.8 s
   52  Kg7           0.7 s       21.6 s
   53  Kh7           0.7 s       21.4 s
   54  Qd6           1.2 s       20.8 s
   55  Bc4           0.8 s       20.5 s
   56  Bb3           0.4 s       20.6 s
   57  Be6           1.3 s       19.8 s
   58  Qe7           1.2 s       19.1 s
   59  Qb4           1.0 s       18.5 s
   60  Qd6           0.8 s       18.2 s
   61  Kg8           1.2 s       17.6 s
   62  Kf8           1.0 s       17.1 s
   63  Qc7           0.9 s       16.7 s
   64  Kg8           0.4 s       16.8 s
   65  Kh7           1.1 s       16.2 s
   66  Kg8           1.0 s       15.7 s
   67  Kg7           0.8 s       15.3 s
   68  Qd8           0.8 s       15.0 s
   69  Qf6           0.7 s       14.8 s
   70  Qe7           0.7 s       14.7 s
   71  Qf6           0.5 s       14.7 s
   72  Qe7           1.0 s       14.2 s
   73  Qf6           0.5 s       14.1 s
   74  Bc4           0.6 s       14.1 s
   75  Qf4+          1.1 s       13.5 s
   76  Qxg3+         0.3 s       13.6 s
   77  Kf8           0.4 s       13.7 s
   78  Bd3           0.4 s       13.8 s
   79  exf4          0.5 s       13.9 s
   80  f6            0.9 s       13.5 s
   81  Kf7           0.3 s       13.7 s
   82  Kxf6          0.5 s       13.7 s
   83  Bb5           0.8 s       13.4 s
   84  Be8           0.8 s       13.2 s
   85  Bb5           1.4 s       12.3 s
   86  Bd7           1.0 s       11.7 s
   87  Ke6           0.9 s       11.3 s
   88  Kf6           0.7 s       11.1 s
   89  Bc6           0.6 s       11.0 s
   90  Bg2           0.8 s       10.7 s
   91  Ba8           0.4 s       10.7 s
   92  Bg2           0.6 s       10.6 s
   93  Bc6           0.3 s       10.7 s
   94  Bb7           0.6 s       10.7 s
   95  Bh1           0.3 s       10.8 s
   96  Bb7           0.5 s       10.8 s
   97  Bc6           1.0 s       10.3 s
   98  Bb5           0.6 s       10.1 s
   99  Bd7           0.6 s       10.0 s
  100  Bc6           0.7 s        9.8 s
  101  Bh1           0.4 s        9.9 s
  102  Bg2           0.7 s        9.7 s
  103  Bb7           0.6 s        9.6 s
  104  Ba8           0.5 s        9.5 s
  105  Bb7           0.5 s        9.5 s
  106  Bd5           2.1 s        8.0 s
  107  Bb7           0.5 s        7.9 s
  108  Bh1           0.3 s        8.1 s
  109  Bb7           0.4 s        8.1 s
  110  Bh1           0.4 s        8.3 s
  111  Bc6           0.6 s        8.2 s
  112  hxg4          0.4 s        8.3 s
  113  Bg2           0.3 s        8.4 s
  114  Bd5           0.5 s        8.4 s
  115  Bg2           0.6 s        8.3 s
  116  Ba8           0.6 s        8.2 s
  117  Ke6           1.5 s        7.2 s
  118  Be4           0.5 s        7.2 s
  119  Kf7           0.5 s        7.3 s
  120  Ke8           0.2 s        7.6 s
  121  Ke7           0.6 s        7.5 s
  122  Ke6           0.6 s        7.4 s
  123  Bb1           0.6 s        7.3 s
  124  Bf5           0.3 s        7.5 s
  125  Kf6           0.4 s        7.6 s
  126  g5+           0.8 s        7.3 s
  127  Kg6           0.5 s        7.2 s
  128  Kh5           0.8 s        6.9 s
  129  Be4           0.5 s        6.9 s
  130  Kg6           0.6 s        6.7 s
  131  Kh5           1.3 s        6.0 s
  132  Bc2           0.4 s        6.0 s
  133  Be4           0.5 s        6.0 s
  134  Bc2           0.4 s        6.1 s
  135  Bd1           0.6 s        6.1 s
  136  Bc2+          0.4 s        6.2 s
  137  Bg6           0.3 s        6.4 s
  138  Bh7           0.4 s        6.4 s
  139  Bb1           0.2 s        6.7 s
  140  Bh7           0.6 s        6.6 s
  141  Bb1           0.2 s        6.9 s
  142  Kg4           0.2 s        7.2 s
  143  Kh5           0.5 s        7.2 s
  144  Bh7           0.4 s        7.3 s
  145  Bb1           0.4 s        7.4 s
  146  Bh7           0.6 s        7.3 s
  147  Kg4           0.5 s        7.3 s
  148  Kh5           0.3 s        7.5 s
  149  Kg4           0.4 s        7.6 s
  150  Be4           0.5 s        7.6 s
  151  Bb1           0.5 s        7.6 s
  152  Kh5           0.4 s        7.8 s
  153  Bc2           0.3 s        7.9 s
  154  Kg4           0.6 s        7.8 s
  155  Be4           1.0 s        7.3 s
  156  Kh5           0.8 s        7.1 s
  157  Bh7           0.3 s        7.3 s
  158  Bc2           0.3 s        7.4 s
  159  Kh4           0.7 s        7.3 s
  160  Kh5           0.6 s        7.1 s
  161  Be4           0.4 s        7.2 s
  162  Bb1           0.9 s        6.8 s
  163  Be4           0.4 s        6.9 s
  164  Kg4           0.2 s        7.2 s
  165  Bc2           1.1 s        6.6 s
  166  Kh5           0.6 s        6.5 s
  167  Be4           0.3 s        6.7 s
  168  Kxg5          0.5 s        6.7 s
  169  Kg6           0.3 s        6.9 s
  170  Kg7           0.5 s        6.9 s
  171  Kg6           0.4 s        7.0 s
  172  Kg7           0.5 s        7.0 s
  173  Kf7           0.3 s        7.3 s
  174  Kg7           0.4 s        7.3 s
  175  Kg6           0.4 s        7.4 s
  176  Ba8           0.4 s        7.4 s
  177  Bb7           0.5 s        7.4 s
  178  Ba8           0.2 s        7.7 s
  179  Be4           0.2 s        8.0 s
  180  Kf6           0.3 s        8.3 s
  181  Bd5           0.6 s        8.2 s
  182  Be4           0.1 s        8.6 s
  183  Kg6           0.1 s        9.0 s
  184  Bd3           0.3 s        9.2 s
  185  Be4           0.2 s        9.5 s
  186  Bc6           0.4 s        9.7 s
  187  Kh5           0.4 s        9.8 s
  188  Kg5           0.4 s        9.9 s
  189  Kh5           0.2 s       10.2 s
  190  Kg5           0.4 s       10.3 s
  191  Kh4           0.7 s       10.2 s
  192  Kg5           0.2 s       10.4 s
  193  Ba8           0.5 s       10.4 s
  194  Be4           0.2 s       10.7 s
  195  Kh6           0.2 s       11.0 s
  196  Kg5           0.5 s       11.0 s
  197  Kg4           0.2 s       11.3 s
  198  Kg3           0.3 s       11.6 s
  199  Bc2           0.6 s       11.5 s
  200  Be4           0.2 s       11.8 s
  201  Bc2           0.2 s       12.1 s
  202  Be4           0.2 s       12.4 s
  203  Bc2           0.2 s       12.7 s
  204  Be4           0.6 s       12.6 s
  205  Kg4           0.2 s       12.9 s
  206  Kg5           0.2 s       13.2 s
  207  Kh4           0.1 s       13.6 s
  208  Kg5           0.1 s       14.0 s
  209  Kg4           0.2 s       14.3 s
  210  Bc2           0.5 s       14.2 s
  211  Be4           0.1 s       14.7 s
  212  Kg5           0.1 s       15.1 s
  213  Kg4           0.1 s       15.4 s
  214  Kh4           0.1 s       15.9 s
  215  Kg4           0.0 s       16.3 s
  216  Kh4           0.0 s       16.8 s
  217  Kg4           0.0 s       17.3 s

OUTPUT
  8,215 bytes on stderr

  native engine ready after 27.0s
  init: native engine ready after 27.0s
  nativesearch f8e8 depth 13 score 20 nodes 2057770 3395ms clock 120000
  nativesearch a5b3 depth 14 score 23 nodes 3659522 6254ms clock 117103
  nativesearch c7c5 depth 14 score 23 nodes 1130012 1910ms clock 111346
  nativesearch a6a5 depth 12 score 17 nodes 1525297 2473ms clock 109934
  nativesearch h7h6 depth 14 score 38 nodes 1302970 2170ms clock 107959
  nativesearch e7f6 depth 14 score 33 nodes 813725 1315ms clock 106287
  nativesearch c8e6 depth 14 score 40 nodes 1681913 2699ms clock 105470
  nativesearch d8c7 depth 13 score 56 nodes 2192506 3600ms clock 103269
  nativesearch f6d8 depth 12 score 55 nodes 722573 1194ms clock 100166
  nativesearch a8b8 depth 16 score 58 nodes 2457091 3926ms clock 99470
  nativesearch c7d7 depth 15 score 43 nodes 3083422 4829ms clock 96042
  nativesearch e8f8 depth 15 score 33 nodes 1752957 2626ms clock 91711
  nativesearch b8b5 depth 15 score 17 nodes 2773691 4213ms clock 89582
  nativesearch b5b4 depth 15 score 30 nodes 1400198 2086ms clock 85867
  nativesearch d8c7 depth 15 score 49 nodes 2196091 3390ms clock 84278
  nativesearch c7a5 depth 15 score 43 nodes 1053668 1535ms clock 81385
  nativesearch e6b3 depth 15 score 36 nodes 706683 1032ms clock 80348
  nativesearch d7d8 depth 16 score 70 nodes 2513080 3632ms clock 79814
  nativesearch b3e6 depth 18 score 28 nodes 4805767 6948ms clock 76680
  nativesearch d8b8 depth 18 score 27 nodes 2656400 3843ms clock 70230
  nativesearch f8d8 depth 18 score 11 nodes 4702305 6604ms clock 66884
  nativesearch b4b3 depth 18 score 11 nodes 2128357 2910ms clock 60779
  nativesearch b8b3 depth 19 score 4 nodes 4605374 5795ms clock 58367
  nativesearch d8d6 depth 18 score 4 nodes 1429468 1940ms clock 53070
  nativesearch b3b1 depth 18 score 7 nodes 7130066 8642ms clock 51628
  nativesearch b1b6 depth 20 score 7 nodes 990629 1180ms clock 43484
  nativesearch b6c7 depth 16 score 7 nodes 916221 1063ms clock 42802
  nativesearch c5c4 depth 15 score 4 nodes 872852 1062ms clock 42237
  nativesearch c7c4 depth 16 score -11 nodes 1557568 1879ms clock 41673
  nativesearch g8h7 depth 15 score -26 nodes 2597736 3162ms clock 40292
  nativesearch c4d4 depth 14 score -26 nodes 620315 763ms clock 37628
  nativesearch g7g6 depth 14 score -15 nodes 1100272 1322ms clock 37362
  nativesearch h6h5 depth 13 score -30 nodes 939830 1179ms clock 36538
  nativesearch e6c4 depth 13 score -30 nodes 577110 714ms clock 35857
  nativesearch h7g8 depth 14 score -30 nodes 799824 1000ms clock 35641
  nativesearch c4e6 depth 17 score -30 nodes 1377579 1666ms clock 35139
  nativesearch g8g7 depth 18 score -30 nodes 1161532 1413ms clock 33972
  nativesearch g7h8 depth 19 score -30 nodes 1910036 2172ms clock 33057
  nativesearch h8g7 depth 20 score -30 nodes 1017233 1118ms clock 31383
  nativesearch g7f8 depth 16 score -30 nodes 664627 808ms clock 30763
  nativesearch f8g7 depth 19 score -30 nodes 1264511 1502ms clock 30453
  nativesearch d4a1 depth 21 score -30 nodes 1939550 2189ms clock 29449
  nativesearch g7g8 depth 19 score -30 nodes 1321216 1486ms clock 27758
  nativesearch g8g7 depth 21 score -30 nodes 1275928 1446ms clock 26771
  nativesearch g7g8 depth 19 score -30 nodes 1005532 1176ms clock 25823
  nativesearch g8h7 depth 18 score -30 nodes 764407 891ms clock 25146
  nativesearch a1e1 depth 20 score -30 nodes 1175941 1302ms clock 24752
  nativesearch e1a1 depth 20 score -30 nodes 554281 615ms clock 23948
  nativesearch a1a7 depth 20 score -30 nodes 1120084 1222ms clock 23831
  nativesearch a7c7 depth 22 score -30 nodes 930404 1001ms clock 23106
  nativesearch h7g8 depth 24 score -30 nodes 1199084 1302ms clock 22604
  nativesearch g8g7 depth 23 score -30 nodes 639565 710ms clock 21800
  nativesearch g7h7 depth 22 score -30 nodes 600172 655ms clock 21588
  nativesearch c7d6 depth 19 score -30 nodes 1036326 1154ms clock 21431
  nativesearch e6c4 depth 18 score -30 nodes 710480 788ms clock 20775
  nativesearch c4b3 depth 18 score -30 nodes 383409 422ms clock 20485
  nativesearch b3e6 depth 21 score -30 nodes 1166168 1259ms clock 20561
  nativesearch d6e7 depth 17 score -30 nodes 1092474 1228ms clock 19799
  nativesearch e7b4 
  [6,624 bytes dropped]
  arch e4h7 depth 34 score -30 nodes 422081 297ms clock 7052
  nativesearch h7c2 depth 30 score -30 nodes 506597 325ms clock 7254
  nativesearch h5h4 depth 32 score -30 nodes 931412 654ms clock 7426
  nativesearch h4h5 depth 33 score -30 nodes 944644 638ms clock 7270
  nativesearch c2e4 depth 33 score -30 nodes 550166 391ms clock 7129
  nativesearch e4b1 depth 30 score -30 nodes 1272909 906ms clock 7236
  nativesearch b1e4 depth 29 score -30 nodes 580648 422ms clock 6828
  nativesearch h5g4 depth 22 score -30 nodes 295476 215ms clock 6904
  nativesearch e4c2 depth 28 score -30 nodes 1470117 1123ms clock 7188
  nativesearch g4h5 depth 38 score -30 nodes 856432 579ms clock 6562
  nativesearch c2e4 depth 39 score -30 nodes 456354 320ms clock 6482
  nativesearch h5g5 depth 32 score -30 nodes 693656 483ms clock 6660
  nativesearch g5g6 depth 31 score -30 nodes 439576 314ms clock 6675
  nativesearch g6g7 depth 31 score -30 nodes 659421 458ms clock 6859
  nativesearch g7g6 depth 40 score -30 nodes 620217 392ms clock 6899
  nativesearch g6g7 depth 40 score -30 nodes 747351 485ms clock 7005
  nativesearch g7f7 depth 40 score -30 nodes 417099 258ms clock 7018
  nativesearch f7g7 depth 40 score -30 nodes 685629 433ms clock 7258
  nativesearch g7g6 depth 40 score -30 nodes 814062 445ms clock 7323
  nativesearch e4a8 depth 40 score -30 nodes 762403 431ms clock 7377
  nativesearch a8b7 depth 40 score -30 nodes 893567 521ms clock 7444
  nativesearch b7a8 depth 40 score -30 nodes 358851 212ms clock 7421
  nativesearch a8e4 depth 40 score -30 nodes 279870 181ms clock 7707
  nativesearch g6f6 depth 40 score -30 nodes 444505 274ms clock 8025
  nativesearch e4d5 depth 37 score -30 nodes 925917 570ms clock 8249
  nativesearch d5e4 depth 40 score -30 nodes 168393 88ms clock 8177
  nativesearch f6g6 depth 40 score -30 nodes 229524 119ms clock 8587
  nativesearch e4d3 depth 40 score -30 nodes 475471 265ms clock 8966
  nativesearch d3e4 depth 40 score -30 nodes 291663 166ms clock 9199
  nativesearch e4c6 depth 35 score -30 nodes 560533 368ms clock 9531
  nativesearch g6h5 depth 40 score -30 nodes 644311 372ms clock 9661
  nativesearch h5g5 depth 40 score -30 nodes 685948 382ms clock 9786
  nativesearch g5h5 depth 40 score -30 nodes 351923 198ms clock 9903
  nativesearch h5g5 depth 40 score -30 nodes 636590 370ms clock 10203
  nativesearch g5h4 depth 35 score -30 nodes 1121058 676ms clock 10332
  nativesearch h4g5 depth 40 score -30 nodes 399860 241ms clock 10154
  nativesearch c6a8 depth 40 score -30 nodes 928671 544ms clock 10411
  nativesearch a8e4 depth 40 score -30 nodes 288444 184ms clock 10365
  nativesearch g5h6 depth 40 score -30 nodes 320639 183ms clock 10680
  nativesearch h6g5 depth 38 score -30 nodes 733821 456ms clock 10994
  nativesearch g5g4 depth 40 score -30 nodes 340147 209ms clock 11036
  nativesearch g4g3 depth 40 score -30 nodes 440724 267ms clock 11326
  nativesearch e4c2 depth 40 score -30 nodes 893891 558ms clock 11557
  nativesearch c2e4 depth 40 score -30 nodes 296572 172ms clock 11497
  nativesearch e4c2 depth 40 score -30 nodes 352286 209ms clock 11822
  nativesearch c2e4 depth 40 score -30 nodes 331934 194ms clock 12111
  nativesearch e4c2 depth 40 score -30 nodes 360667 230ms clock 12415
  nativesearch c2e4 depth 40 score -30 nodes 970004 588ms clock 12683
  nativesearch g3g4 depth 40 score -30 nodes 412216 234ms clock 12594
  nativesearch g4g5 depth 40 score -30 nodes 337153 185ms clock 12858
  nativesearch g5h4 depth 40 score -30 nodes 186987 85ms clock 13172
  nativesearch h4g5 depth 40 score -30 nodes 221369 116ms clock 13585
  nativesearch g5g4 depth 40 score -30 nodes 363376 194ms clock 13968
  nativesearch e4c2 depth 40 score -30 nodes 980453 538ms clock 14273
  nativesearch c2e4 depth 40 score -30 nodes 154652 78ms clock 14233
  nativesearch g4g5 depth 40 score -30 nodes 129912 58ms clock 14653
  nativesearch g5g4 depth 40 score -30 nodes 307918 148ms clock 15093
  nativesearch g4h4 depth 40 score -30 nodes 137017 59ms clock 15443
  nativesearch h4g4 depth 40 score -30 nodes 97865 41ms clock 15882
  nativesearch g4h4 depth 40 score -30 nodes 5139 4ms clock 16340
  nativesearch h4g4 depth 40 score -30 nodes 1340 2ms clock 16835

Email hello@aichessathon.com with this file if anything here is unclear.
