AI CHESSATHON MATCH LOG
=======================

MATCH
  Round          Rated 107
  Team           catfish
  Colour         Black
  Opponent       Make_no_mistakes
  Opening        French Tarrasch
  Start FEN      rnbqkbnr/pp3ppp/8/2pp4/P2P4/8/1PPN1PPP/R1BQKBNR b KQkq - 0 5
  You moved      First
  Machine        w-15a8e4
  Finished       2026-09-11 08:51:19 UTC
  Match ID       9f09d40b-a6ed-4c1b-aff8-f4a634881006

INIT
  Ready in       25.7 s
  Budget         90.0 s
  Used           29 percent

CLOCK
  Base           120.0 s plus 0.5 s per move
  Moves          68
  Time used      140.6 s
  Slowest        10.9 s on move 15
  Fastest        0.0 s on move 68
  Average        2.1 s
  Left at end    13.4 s

RESULT
  Won by checkmate
  Game lasted 281.6 s

MOVES
    #  move          time     clock left
    1  a6            3.6 s      116.9 s
    2  Nf6           2.6 s      114.8 s
    3  Nc6           5.9 s      109.4 s
    4  Bxc5          4.8 s      105.1 s
    5  O-O           3.5 s      102.2 s
    6  Qc7           5.6 s       97.1 s
    7  Ba7           3.0 s       94.6 s
    8  Ne4           1.0 s       94.1 s
    9  Bxe3          2.5 s       92.0 s
   10  Bxh3          3.5 s       89.1 s
   11  Qg3+          1.5 s       88.0 s
   12  Qxh3+         6.2 s       82.3 s
   13  Qg4+          5.5 s       77.3 s
   14  Ng3+          5.1 s       72.7 s
   15  Nxf1+        10.9 s       62.2 s
   16  f5            2.2 s       60.6 s
   17  Rae8          0.8 s       60.2 s
   18  f4            7.1 s       53.6 s
   19  g5            4.1 s       50.0 s
   20  b6            2.1 s       48.4 s
   21  Qg3           2.1 s       46.8 s
   22  g4            2.9 s       44.4 s
   23  Qxf2+         2.2 s       42.7 s
   24  f3            1.2 s       42.0 s
   25  g3+           2.4 s       40.2 s
   26  Ne5           2.7 s       38.0 s
   27  g2+           1.8 s       36.7 s
   28  Ng4+          0.6 s       36.6 s
   29  f2            0.9 s       36.2 s
   30  Ne3           2.0 s       34.7 s
   31  f1=Q          1.8 s       33.4 s
   32  gxf1=Q        0.6 s       33.3 s
   33  Nxf1+         2.9 s       30.8 s
   34  dxe4          5.4 s       25.9 s
   35  Rf4           1.3 s       25.1 s
   36  Ne3           0.5 s       25.1 s
   37  Rb4           0.9 s       24.7 s
   38  Nxc2          0.8 s       24.5 s
   39  Rxb2          1.0 s       24.0 s
   40  Ne1           1.6 s       22.9 s
   41  Kg7           1.0 s       22.3 s
   42  Kf7           1.5 s       21.3 s
   43  h5            1.0 s       20.8 s
   44  Ng2           2.3 s       19.0 s
   45  Kg7           0.7 s       18.8 s
   46  Kh6           1.0 s       18.3 s
   47  Re2+          0.9 s       17.9 s
   48  Re8           0.5 s       18.0 s
   49  Ne1           2.3 s       16.2 s
   50  Rg8           0.6 s       16.1 s
   51  Rg4+          0.9 s       15.7 s
   52  h4            0.3 s       15.9 s
   53  Rg3+          1.8 s       14.6 s
   54  Ng2           0.7 s       14.4 s
   55  h3            0.7 s       14.2 s
   56  h2            0.4 s       14.3 s
   57  Ra3           0.6 s       14.2 s
   58  Kg5           2.2 s       12.5 s
   59  Kf4           0.7 s       12.3 s
   60  Ra1           0.7 s       12.1 s
   61  Kf3           0.5 s       12.2 s
   62  Ne3           0.8 s       11.8 s
   63  bxa5          0.8 s       11.5 s
   64  Rxc1          0.6 s       11.4 s
   65  Kxg3          0.0 s       11.9 s
   66  h1=Q          0.0 s       12.4 s
   67  Kf3           0.0 s       12.9 s
   68  Qd1#          0.0 s       13.4 s

OUTPUT
  4,770 bytes on stderr

  native engine ready after 25.2s
  init: native engine ready after 25.2s
  nativesearch a7a6 depth 14 score 40 nodes 2448542 3642ms clock 120000
  nativesearch g8f6 depth 15 score 28 nodes 1724342 2565ms clock 116856
  nativesearch b8c6 depth 15 score 30 nodes 3775977 5847ms clock 114788
  nativesearch f8c5 depth 15 score 11 nodes 3119248 4827ms clock 109439
  nativesearch e8g8 depth 15 score 11 nodes 2238602 3449ms clock 105110
  nativesearch d8c7 depth 15 score 49 nodes 3469287 5589ms clock 102158
  nativesearch c5a7 depth 15 score 41 nodes 1829589 2999ms clock 97066
  nativesearch f6e4 depth 13 score 80 nodes 614335 1007ms clock 94565
  nativesearch a7e3 depth 14 score 98 nodes 1682501 2539ms clock 94057
  nativesearch c8h3 depth 15 score 146 nodes 2291447 3456ms clock 92015
  nativesearch c7g3 depth 11 score 163 nodes 1104959 1548ms clock 89056
  nativesearch g3h3 depth 13 score 130 nodes 4308634 6244ms clock 88007
  nativesearch h3g4 depth 14 score 135 nodes 3726598 5458ms clock 82260
  nativesearch e4g3 depth 15 score 187 nodes 3508205 5130ms clock 77301
  nativesearch g3f1 depth 14 score 187 nodes 7575278 10927ms clock 72669
  nativesearch f7f5 depth 15 score 195 nodes 1519300 2159ms clock 62240
  nativesearch a8e8 depth 15 score 195 nodes 587528 831ms clock 60579
  nativesearch f5f4 depth 14 score 223 nodes 4960685 7143ms clock 60245
  nativesearch g7g5 depth 14 score 172 nodes 2964820 4094ms clock 53600
  nativesearch b7b6 depth 12 score 207 nodes 1504588 2076ms clock 50004
  nativesearch g4g3 depth 12 score 208 nodes 1539788 2090ms clock 48426
  nativesearch g5g4 depth 14 score 237 nodes 2257254 2916ms clock 46834
  nativesearch g3f2 depth 14 score 236 nodes 1728965 2171ms clock 44416
  nativesearch f4f3 depth 15 score 238 nodes 1005393 1214ms clock 42743
  nativesearch g4g3 depth 15 score 296 nodes 2029718 2356ms clock 42025
  nativesearch c6e5 depth 14 score 408 nodes 2242607 2653ms clock 40167
  nativesearch g3g2 depth 15 score 425 nodes 1565722 1780ms clock 38012
  nativesearch e5g4 depth 16 score 412 nodes 510868 587ms clock 36729
  nativesearch f3f2 depth 18 score 412 nodes 786924 914ms clock 36641
  nativesearch g4e3 depth 18 score 436 nodes 1821904 2021ms clock 36224
  nativesearch f2f1q depth 17 score 415 nodes 1651559 1795ms clock 34701
  nativesearch g2f1q depth 16 score 415 nodes 592707 632ms clock 33404
  nativesearch e3f1 depth 17 score 444 nodes 2816712 2937ms clock 33270
  nativesearch d5e4 depth 17 score 461 nodes 5109735 5403ms clock 30830
  nativesearch f8f4 depth 18 score 454 nodes 1249795 1281ms clock 25926
  nativesearch f1e3 depth 16 score 461 nodes 517651 508ms clock 25142
  nativesearch f4b4 depth 14 score 473 nodes 897754 882ms clock 25132
  nativesearch e3c2 depth 14 score 444 nodes 776307 761ms clock 24749
  nativesearch b4b2 depth 14 score 444 nodes 992830 1003ms clock 24486
  nativesearch c2e1 depth 14 score 483 nodes 1642203 1620ms clock 23981
  nativesearch g8g7 depth 14 score 470 nodes 1041636 1024ms clock 22859
  nativesearch g7f7 depth 14 score 479 nodes 1541406 1531ms clock 22333
  nativesearch h7h5 depth 12 score 485 nodes 921698 957ms clock 21298
  nativesearch e1g2 depth 13 score 546 nodes 2351376 2291ms clock 20840
  nativesearch f7g7 depth 11 score 519 nodes 746499 710ms clock 19047
  nativesearch g7h6 depth 14 score 523 nodes 1048594 1042ms clock 18836
  nativesearch b2e2 depth 13 score 552 nodes 891641 854ms clock 18292
  nativesearch e2e8 depth 15 score 556 nodes 506578 450ms clock 17936
  nativesearch g2e1 depth 14 score 587 nodes 2405732 2329ms clock 17984
  nativesearch e8g8 depth 11 score 597 nodes 606960 581ms clock 16152
  nativesearch g8g4 depth 11 score 631 nodes 875331 865ms clock 16070
  nativesearch h5h4 depth 11 score 677 nodes 375081 346ms clock 15703
  nativesearch g4g3 depth 13 score 712 nodes 1752195 1767ms clock 15855
  nativesearch e1g2 depth 13 score 743 nodes 672457 674ms clock 14586
  nativesearch h4h3 depth 13 score 788 nodes 740786 729ms clock 14410
  nativesearch h3h2 depth 13 score 779 nodes 396756 393ms clock 14178
  nativesearch g3a3 depth 12 score 821 nodes 566092 556ms clock 14280
  nativesearch h6g5 depth 14 score 930 nodes 2218748 2213ms clock 14222
  nativesearch g5f4 depth 13 score 978 nodes 703317 689ms clock 12508
  nativesearch a3a1 depth 12 score 1078 nodes 693452 679ms clock 12318
  nativesearch f4f3 depth 12 score 1187 nodes 525558 476ms clock 12136
  nativesearch g2e3 depth 12 score 1709 nodes 931120 838ms clock 12158
  nativesearch b6a5 depth 12 score 1926 nodes 1019823 802ms clock 11818
  nativesearch a1c1 depth 11 score 99985 nodes 689918 571ms clock 11515
  nativesearch f3g3 depth 9 score 99991 nodes 30711 20ms clock 11442
  nativesearch h2h1q depth 7 score 99993 nodes 33581 19ms clock 11920
  nativesearch g3f3 depth 3 score 99997 nodes 1268 1ms clock 12399
  nativesearch h1d1 depth 1 score 99999 nodes 32 0ms clock 12897

Email hello@aichessathon.com with this file if anything here is unclear.
