AI CHESSATHON MATCH LOG
=======================

MATCH
  Round          Qualifier round 99
  Team           catfish
  Colour         White
  Opponent       Stonkfish
  Opening        Sicilian Dragon
  Start FEN      rnbqk2r/pp2ppbp/3p1np1/8/3NP3/2N1B3/PPP1BPPP/R2QK2R b KQkq - 3 7
  You moved      Second
  Machine        w-507aaa
  Finished       2026-09-10 15:08:03 UTC
  Match ID       1f49e59a-f819-4b48-b6ce-057aff4defe8

INIT
  Ready in       30.7 s
  Budget         90.0 s
  Used           34 percent

CLOCK
  Base           120.0 s plus 0.5 s per move
  Moves          99
  Time used      163.7 s
  Slowest        11.6 s on move 13
  Fastest        0.0 s on move 90
  Average        1.7 s
  Left at end    5.8 s

RESULT
  Lost by checkmate
  Game lasted 320.9 s

MOVES
    #  move          time     clock left
    1  h4            3.8 s      116.7 s
    2  Qd2           1.6 s      115.5 s
    3  O-O-O         3.3 s      112.8 s
    4  h5            8.3 s      105.0 s
    5  Rh4           2.9 s      102.6 s
    6  Bxg4          3.4 s       99.7 s
    7  Rdh1          1.2 s       99.0 s
    8  Nce2          3.0 s       96.6 s
    9  Nc3           1.4 s       95.6 s
   10  Bg5           9.3 s       86.8 s
   11  Bxf6          2.5 s       84.9 s
   12  Rxh5          3.3 s       82.1 s
   13  Nd5          11.6 s       71.0 s
   14  cxb3          2.4 s       69.1 s
   15  Kd1           1.1 s       68.5 s
   16  Ke1           3.0 s       66.1 s
   17  Nxf6+         4.3 s       62.3 s
   18  Qxe3          5.9 s       56.8 s
   19  Qg5+          4.8 s       52.5 s
   20  Rxg5+         8.4 s       44.7 s
   21  Rxg6+         7.2 s       37.9 s
   22  Rh4           7.5 s       30.9 s
   23  fxg3          0.9 s       30.5 s
   24  Re4           1.0 s       30.0 s
   25  Kd2           4.0 s       26.5 s
   26  Rf4+          1.1 s       25.9 s
   27  Rd4           1.2 s       25.2 s
   28  a4            0.4 s       25.3 s
   29  axb5          0.7 s       25.1 s
   30  Rd5+          1.1 s       24.5 s
   31  Kc3           4.1 s       20.9 s
   32  Rxh5          2.2 s       19.2 s
   33  Kb4           1.0 s       18.7 s
   34  g4            0.4 s       18.8 s
   35  Kxb5          0.9 s       18.3 s
   36  Ka4           1.0 s       17.9 s
   37  b4            1.2 s       17.1 s
   38  b5            3.3 s       14.3 s
   39  b6            2.7 s       12.2 s
   40  b7            2.4 s       10.2 s
   41  b8=Q          1.8 s        8.9 s
   42  Kb3           1.8 s        7.6 s
   43  Ka2           1.6 s        6.5 s
   44  Kb1           0.0 s        7.0 s
   45  Qb6+          0.9 s        6.6 s
   46  Qc5           0.1 s        6.9 s
   47  Qd5           0.1 s        7.3 s
   48  Ka2           0.2 s        7.6 s
   49  Kb1           0.4 s        7.7 s
   50  g3            1.6 s        6.6 s
   51  Ka2           0.4 s        6.7 s
   52  Qd3           0.6 s        6.6 s
   53  Qe2+          0.2 s        6.9 s
   54  Qe3+          0.3 s        7.1 s
   55  Qe2+          1.3 s        6.3 s
   56  Qf1+          0.1 s        6.7 s
   57  Qf6+          1.0 s        6.2 s
   58  Qe5+          1.3 s        5.3 s
   59  Qh5+          0.8 s        5.0 s
   60  Qd5+          0.9 s        4.6 s
   61  Kb1           0.9 s        4.2 s
   62  Qh5+          0.8 s        3.9 s
   63  Qd1+          0.7 s        3.7 s
   64  Qc2+          0.7 s        3.5 s
   65  Qc1+          0.6 s        3.4 s
   66  Qc2+          0.7 s        3.2 s
   67  Qe4+          0.5 s        3.2 s
   68  Qg2+          0.6 s        3.1 s
   69  Ka2           0.6 s        3.0 s
   70  Kb1           0.5 s        3.0 s
   71  Qe4+          0.2 s        3.3 s
   72  Qb4+          0.7 s        3.1 s
   73  Qf4+          0.7 s        3.0 s
   74  Qc4           0.6 s        2.9 s
   75  Qc5+          0.6 s        2.8 s
   76  Qe5+          0.6 s        2.7 s
   77  Qb5+          0.6 s        2.6 s
   78  Qe5+          0.4 s        2.6 s
   79  Qg5+          0.5 s        2.7 s
   80  Qc1+          0.2 s        3.0 s
   81  Qc2+          0.5 s        3.0 s
   82  Qc5           0.6 s        2.9 s
   83  Ka2           0.5 s        3.0 s
   84  Kb3           0.6 s        2.8 s
   85  Ka3           0.3 s        3.0 s
   86  Qb5+          0.6 s        2.9 s
   87  Ka4           0.3 s        3.2 s
   88  Kb4           0.0 s        3.7 s
   89  Ka5           0.7 s        3.5 s
   90  Kxb5          0.0 s        4.0 s
   91  Kc5           0.6 s        3.8 s
   92  Kc6           0.7 s        3.6 s
   93  Kd6           0.5 s        3.6 s
   94  Ke6           0.7 s        3.4 s
   95  Kd7           0.1 s        3.8 s
   96  Ke7           0.0 s        4.3 s
   97  Kd8           0.0 s        4.8 s
   98  Ke8           0.0 s        5.3 s
   99  Kd8           0.0 s        5.8 s

OUTPUT
  6,761 bytes on stderr

  native engine ready after 30.0s
  init: native engine ready after 30.0s
  nativesearch h2h4 depth 13 score 32 nodes 1972599 3833ms clock 120000
  nativesearch d1d2 depth 11 score 32 nodes 827012 1619ms clock 116665
  nativesearch e1c1 depth 13 score 53 nodes 1610558 3267ms clock 115543
  nativesearch h4h5 depth 15 score 8 nodes 4178654 8299ms clock 112774
  nativesearch h1h4 depth 11 score 67 nodes 1431839 2889ms clock 104973
  nativesearch e2g4 depth 11 score -9 nodes 1667234 3352ms clock 102580
  nativesearch d1h1 depth 11 score -6 nodes 605135 1184ms clock 99725
  nativesearch c3e2 depth 11 score -62 nodes 1656015 2984ms clock 99039
  nativesearch e2c3 depth 12 score -52 nodes 768579 1443ms clock 96552
  nativesearch e3g5 depth 14 score -121 nodes 4805393 9260ms clock 95606
  nativesearch g5f6 depth 16 score -30 nodes 1417566 2488ms clock 86843
  nativesearch h4h5 depth 12 score 80 nodes 1899064 3297ms clock 84853
  nativesearch c3d5 depth 12 score 117 nodes 7220028 11597ms clock 82054
  nativesearch c2b3 depth 9 score 108 nodes 1524178 2352ms clock 70954
  nativesearch c1d1 depth 10 score 172 nodes 655091 1076ms clock 69099
  nativesearch d1e1 depth 14 score 158 nodes 1887858 2967ms clock 68521
  nativesearch d5f6 depth 14 score 171 nodes 3173785 4299ms clock 66052
  nativesearch d2e3 depth 16 score 144 nodes 4522391 5930ms clock 62250
  nativesearch e3g5 depth 16 score 151 nodes 3478272 4801ms clock 56818
  nativesearch h5g5 depth 17 score 151 nodes 6642915 8361ms clock 52514
  nativesearch g5g6 depth 19 score 171 nodes 5847305 7222ms clock 44651
  nativesearch h1h4 depth 20 score 171 nodes 5948402 7499ms clock 37926
  nativesearch f2g3 depth 14 score 142 nodes 734003 893ms clock 30925
  nativesearch h4e4 depth 11 score 157 nodes 829197 1012ms clock 30529
  nativesearch e1d2 depth 13 score 109 nodes 3167198 3986ms clock 30014
  nativesearch e4f4 depth 12 score 106 nodes 908627 1116ms clock 26525
  nativesearch f4d4 depth 12 score 110 nodes 973593 1199ms clock 25906
  nativesearch a2a4 depth 11 score 103 nodes 329672 417ms clock 25206
  nativesearch a4b5 depth 10 score 126 nodes 561704 652ms clock 25287
  nativesearch d4d5 depth 12 score 77 nodes 926994 1117ms clock 25132
  nativesearch d2c3 depth 16 score 71 nodes 3605554 4072ms clock 24512
  nativesearch d5h5 depth 16 score 49 nodes 1951079 2190ms clock 20938
  nativesearch c3b4 depth 16 score -2 nodes 929089 1048ms clock 19245
  nativesearch g3g4 depth 13 score 150 nodes 399847 421ms clock 18696
  nativesearch b4b5 depth 15 score -30 nodes 851960 925ms clock 18773
  nativesearch b5a4 depth 15 score -30 nodes 912577 968ms clock 18346
  nativesearch b3b4 depth 16 score -30 nodes 1119831 1240ms clock 17876
  nativesearch b4b5 depth 15 score -30 nodes 3040932 3314ms clock 17133
  nativesearch b5b6 depth 15 score -30 nodes 2308819 2648ms clock 14317
  nativesearch b6b7 depth 15 score -30 nodes 2185165 2439ms clock 12166
  nativesearch b7b8q depth 16 score -30 nodes 1594886 1816ms clock 10225
  nativesearch a4b3 depth 16 score -30 nodes 1567569 1817ms clock 8908
  nativesearch b3a2 depth 15 score -30 nodes 1431091 1596ms clock 7588
  nativesearch a2b1 depth 0 score 0 nodes 0 0ms clock 6489
  nativesearch b8b6 depth 11 score -61 nodes 861087 931ms clock 6987
  nativesearch b6c5 depth 11 score -56 nodes 132669 143ms clock 6553
  nativesearch c5d5 depth 10 score -65 nodes 119220 132ms clock 6909
  nativesearch b1a2 depth 10 score -67 nodes 194413 202ms clock 7275
  nativesearch a2b1 depth 11 score -67 nodes 363386 389ms clock 7570
  nativesearch g2g3 depth 11 score -77 nodes 1451009 1579ms clock 7679
  nativesearch b1a2 depth 11 score -77 nodes 331157 368ms clock 6598
  nativesearch d5d3 depth 11 score -77 nodes 563704 620ms clock 6727
  nativesearch d3e2 depth 8 score -78 nodes 185868 206ms clock 6606
  nativesearch e2e3 depth 9 score -78 nodes 267401 278ms clock 6898
  nativesearch e3e2 depth 9 score -78 nodes 1187271 1317ms clock 7118
  nativesearch e2f1 depth 8 score -83 nodes 124423 135ms clock 6299
  nativesearch f1f6 depth 8 score -83 nodes 905468 996ms clock 6662
  nativesearch f6e5 depth 9 score -100 nodes 1179263 1313ms clock 6164
  nativesearch e5h5 depth 8 score -100 nodes 757742 814ms clock 5349
  nativesearch h5d5 depth 8 score -100 nodes 890547 940ms clock 5032
  nativesearch a2b1 depth 6 score -62 nodes 836019 911ms clock 4590
  nativesearch d5h5 depth 7 score -123 nodes 674139 805ms clock 4176
  nativesearch h5d1 depth 6 score -141 nodes 616633 699ms clock 3869
  nativesearch d1c2 depth 7 score -141 nodes 560222 650ms clock 3668
  nativesearch c2c1 depth 7 score -168 nodes 589923 616ms clock 3516
  nativesearch c1c2 depth 6 score -140 nodes 661591 684ms clock 3398
  nativesearch c2e4 depth 7 score -168 nodes 504563 535ms clock 3210
  nativesearch e4g2 depth 8 score -164 nodes 552516 590ms clock 3173
  nativesearch b1a2 depth 7 score -164 nodes 535243 569ms clock 3081
  nativesearch a2b1 depth 7 score -148 nodes 432107 460ms clock 3010
  nativesearch g2e4 depth 8 score -192 nodes 231277 245ms clock 3047
  nativesearch e4b4 depth 8 score -192 nodes 616343 661ms clock 3300
  nativesearch b4f4 depth 8 score -188 nodes 601346 649ms clock 3135
  nativesearch f4c4 depth 6 score -192 nodes 571273 597ms clock 2985
  nativesearch c4c5 depth 7 score -219 nodes 553470 617ms clock 2886
  nativesearch c5e5 depth 6 score -359 nodes 544715 590ms clock 2767
  nativesearch e5b5 depth 6 score -235 nodes 533838 590ms clock 2675
  nativesearch b5e5 depth 6 score -249 nodes 403850 436ms clock 2582
  nativesearch e5g5 depth 5 score -213 nodes 444228 458ms clock 2645
  nativesearch g5c1 depth 7 score -444 nodes 147956 174ms clock 2684
  nativesearch c1c2 depth 6 score -444 nodes 465905 519ms clock 3004
  nativesearch c2c5 depth 8 score -367 nodes 488343 557ms clock 2983
  nativesearch b1a2 depth 5 score -349 nodes 423597 465ms clock 2923
  nativesearch a2b3 depth 7 score -444 nodes 559492 623ms clock 2957
  nativesearch b3a3 depth 6 score -373 nodes 295473 312ms clock 2832
  nativesearch c5b5 depth 7 score -311 nodes 491737 572ms clock 3017
  nativesearch a3a4 depth 7 score -915 nodes 240180 251ms clock 2943
  nativesearch a4b4 depth 0 score 0 nodes 0 0ms clock 3190
  nativesearch b4a5 depth 9 score -2837 nodes 858551 707ms clock 3683
  nativesearch a5b5 depth 0 score 0 nodes 0 0ms clock 3474
  nativesearch b5c5 depth 10 score -3679 nodes 798912 639ms clock 3972
  nativesearch c5c6 depth 10 score -3897 nodes 1079080 745ms clock 3831
  nativesearch c6d6 depth 9 score -99982 nodes 770314 465ms clock 3584
  nativesearch d6e6 depth 11 score -99988 nodes 1218867 725ms clock 3617
  nativesearch e6d7 depth 10 score -99990 nodes 99208 60ms clock 3390
  nativesearch d7e7 depth 8 score -99992 nodes 1435 2ms clock 3829
  nativesearch e7d8 depth 6 score -99994 nodes 20 2ms clock 4325
  nativesearch d8e8 depth 0 score 0 nodes 0 0ms clock 4820
  nativesearch e8d8 depth 0 score 0 nodes 0 0ms clock 5318

Email hello@aichessathon.com with this file if anything here is unclear.
