AI CHESSATHON MATCH LOG
=======================

MATCH
  Round          Qualifier round 52
  Team           catfish
  Colour         Black
  Opponent       krishthefish
  Opening        Queen's Indian Defence
  Start FEN      rn1q1rk1/pbp1bppp/1p1ppn2/8/2PP4/PP3NP1/4PPBP/RNBQ1RK1 b - - 0 8
  You moved      First
  Machine        w-5fdd24
  Finished       2026-09-07 13:09:50 UTC
  Match ID       3ed538c9-caa1-46dd-b8b0-a86cefca851b

INIT
  Ready in       40.5 s
  Budget         90.0 s
  Used           45 percent

CLOCK
  Base           120.0 s plus 0.5 s per move
  Moves          35
  Time used      107.8 s
  Slowest        25.3 s on move 1
  Fastest        0.0 s on move 27
  Average        3.1 s
  Left at end    29.7 s

RESULT
  Won by checkmate
  Game lasted 191.6 s

MOVES
    #  move          time     clock left
    1  d5           25.3 s       95.2 s
    2  Nbd7          1.7 s       94.1 s
    3  c5            2.4 s       92.2 s
    4  exd5          1.3 s       91.4 s
    5  Re8           1.4 s       90.5 s
    6  Rc8           4.6 s       86.4 s
    7  a6            1.2 s       85.7 s
    8  Rc6           3.1 s       83.1 s
    9  Rd6           1.6 s       81.9 s
   10  Rxf6          1.3 s       81.2 s
   11  Rh6           2.7 s       79.0 s
   12  Bxc5          3.6 s       75.8 s
   13  Bd6           1.1 s       75.3 s
   14  Ne5           3.3 s       72.5 s
   15  Rxe5          3.2 s       69.9 s
   16  Rexh5         4.6 s       65.7 s
   17  Rh2           4.9 s       61.4 s
   18  Qg5           4.1 s       57.8 s
   19  Rxf2+         4.8 s       53.4 s
   20  Rh2+          1.8 s       52.1 s
   21  Bc8           8.5 s       44.1 s
   22  Bh3+          5.8 s       38.8 s
   23  Bxg2+         7.9 s       31.4 s
   24  Bxf3+         0.8 s       31.1 s
   25  Bxd1          3.8 s       27.8 s
   26  Qg3+          1.7 s       26.6 s
   27  Qe5+          0.0 s       27.1 s
   28  Bc5+          1.4 s       26.2 s
   29  bxc5          0.0 s       26.7 s
   30  Qg3+          0.0 s       27.2 s
   31  Qg5+          0.0 s       27.7 s
   32  Qg1+          0.0 s       28.2 s
   33  Qf2+          0.0 s       28.7 s
   34  Qg2+          0.0 s       29.2 s
   35  Rh5#          0.0 s       29.7 s

OUTPUT
  2,521 bytes on stderr

  init: native engine still compiling after 40.0s
  native engine ready after 61.0s
  compile wait 20951 ms in get_move: native engine ready
  nativesearch d6d5 depth 12 score -29 nodes 3617596 4319ms clock 99049
  nativesearch b8d7 depth 11 score -23 nodes 1351666 1647ms clock 95226
  nativesearch c7c5 depth 12 score 14 nodes 1926974 2353ms clock 94075
  nativesearch e6d5 depth 12 score -3 nodes 1121509 1335ms clock 92220
  nativesearch f8e8 depth 11 score 2 nodes 1173569 1380ms clock 91383
  nativesearch a8c8 depth 12 score 4 nodes 3781144 4628ms clock 90500
  nativesearch a7a6 depth 11 score 14 nodes 921016 1150ms clock 86370
  nativesearch c8c6 depth 11 score 47 nodes 2389915 3121ms clock 85718
  nativesearch c6d6 depth 11 score -3 nodes 1326729 1645ms clock 83094
  nativesearch d6f6 depth 12 score -3 nodes 1046292 1267ms clock 81947
  nativesearch f6h6 depth 12 score 76 nodes 2253086 2709ms clock 81178
  nativesearch e7c5 depth 12 score 60 nodes 3038748 3623ms clock 78967
  nativesearch c5d6 depth 11 score 63 nodes 885842 1063ms clock 75842
  nativesearch d7e5 depth 12 score 107 nodes 2763318 3259ms clock 75277
  nativesearch e8e5 depth 12 score 312 nodes 2607589 3150ms clock 72517
  nativesearch e5h5 depth 13 score 372 nodes 3827491 4631ms clock 69865
  nativesearch h5h2 depth 11 score 366 nodes 4229074 4864ms clock 65730
  nativesearch d8g5 depth 10 score 301 nodes 3617155 4081ms clock 61364
  nativesearch h2f2 depth 11 score 1625 nodes 4241654 4846ms clock 57780
  nativesearch h6h2 depth 12 score 2147 nodes 1751594 1809ms clock 53432
  nativesearch b7c8 depth 12 score 2147 nodes 9453074 8532ms clock 52121
  nativesearch c8h3 depth 12 score 2727 nodes 7570372 5769ms clock 44086
  nativesearch h3g2 depth 10 score 2381 nodes 9159738 7946ms clock 38814
  nativesearch g2f3 depth 10 score 2557 nodes 804310 795ms clock 31366
  nativesearch f3d1 depth 10 score 2557 nodes 5120523 3779ms clock 31069
  nativesearch g5g3 depth 9 score 99981 nodes 2517042 1723ms clock 27789
  nativesearch g3e5 depth 1 score 99983 nodes 82 0ms clock 26563
  nativesearch d6c5 depth 9 score 99985 nodes 1909300 1363ms clock 27061
  nativesearch b6c5 depth 1 score 99987 nodes 70 0ms clock 26196
  nativesearch e5g3 depth 1 score 99989 nodes 68 0ms clock 26694
  nativesearch g3g5 depth 1 score 99991 nodes 69 0ms clock 27191
  nativesearch g5g1 depth 1 score 99993 nodes 67 0ms clock 27689
  nativesearch g1f2 depth 1 score 99995 nodes 66 0ms clock 28188
  nativesearch f2g2 depth 1 score 99997 nodes 54 0ms clock 28686
  nativesearch h2h5 depth 1 score 99999 nodes 32 0ms clock 29184

Email hello@aichessathon.com with this file if anything here is unclear.
