AI CHESSATHON MATCH LOG
=======================

MATCH
  Round          Qualifier round 91
  Team           catfish
  Colour         Black
  Opponent       Make_no_mistakes
  Opening        Two Knights Defence
  Start FEN      r1bqk2r/ppp1bppp/2np1n2/4p3/P1B1P3/2NP1N2/1PP2PPP/R1BQK2R b KQkq - 0 6
  You moved      First
  Machine        w-ecac47
  Finished       2026-09-10 07:08:37 UTC
  Match ID       e569be8b-1817-4de7-ad5e-f025a21aab36

INIT
  Ready in       29.4 s
  Budget         90.0 s
  Used           33 percent

CLOCK
  Base           120.0 s plus 0.5 s per move
  Moves          104
  Time used      164.6 s
  Slowest        11.5 s on move 10
  Fastest        0.0 s on move 102
  Average        1.6 s
  Left at end    7.4 s

RESULT
  Lost by checkmate
  Game lasted 317.5 s

MOVES
    #  move          time     clock left
    1  O-O           2.5 s      118.0 s
    2  a5            5.1 s      113.4 s
    3  Be6           1.0 s      112.9 s
    4  Bxc4          4.4 s      109.0 s
    5  Nd7           1.7 s      107.8 s
    6  Nb4           2.6 s      105.7 s
    7  Na6           2.2 s      104.0 s
    8  c6            1.1 s      103.4 s
    9  Nac5          4.8 s       99.1 s
   10  Ne6          11.5 s       88.1 s
   11  Qc7           2.0 s       86.6 s
   12  Rae8          1.0 s       86.2 s
   13  Bd8           2.5 s       84.2 s
   14  Nd4           3.4 s       81.3 s
   15  Bf6           2.0 s       79.8 s
   16  Nc5           2.9 s       77.5 s
   17  Nde6          2.0 s       75.9 s
   18  g6            1.9 s       74.6 s
   19  Bg7           4.7 s       70.4 s
   20  b6            6.9 s       64.0 s
   21  f6            1.1 s       63.4 s
   22  Qe7           3.5 s       60.4 s
   23  Rd8           3.0 s       57.9 s
   24  Rf7           2.8 s       55.6 s
   25  Kh8           2.6 s       53.5 s
   26  Qf8           4.7 s       49.3 s
   27  f5            0.9 s       49.0 s
   28  gxf5          1.4 s       48.1 s
   29  d5            1.9 s       46.7 s
   30  f4            4.0 s       43.2 s
   31  bxc5          0.7 s       43.0 s
   32  Bxe5          1.2 s       42.4 s
   33  Bc3           1.9 s       41.0 s
   34  Bxd2          2.1 s       39.4 s
   35  Bc3           1.1 s       38.8 s
   36  Rdd7          7.4 s       31.9 s
   37  Rf5           5.7 s       26.7 s
   38  Rd1+          2.6 s       24.6 s
   39  Qg8           4.3 s       20.8 s
   40  Bd4           3.1 s       18.3 s
   41  Qxf7          1.9 s       16.8 s
   42  Kg7           3.4 s       14.0 s
   43  Kxf6          0.0 s       14.4 s
   44  Qg6           0.0 s       14.9 s
   45  Kxe6          2.9 s       12.5 s
   46  Ke7           0.4 s       12.6 s
   47  Rf8           0.4 s       12.7 s
   48  Bf6           2.2 s       11.0 s
   49  Rd6           2.1 s        9.4 s
   50  Rc8           2.0 s        7.8 s
   51  Ke6           1.0 s        7.3 s
   52  Bd4           0.6 s        7.2 s
   53  Ke7           1.3 s        6.4 s
   54  Be5           0.5 s        6.4 s
   55  Kf6           0.4 s        6.5 s
   56  Rd2           1.2 s        5.8 s
   57  Bd6           1.1 s        5.2 s
   58  Rxc7          0.4 s        5.2 s
   59  Ke7           1.0 s        4.8 s
   60  Kd8           0.5 s        4.7 s
   61  Kd7           0.9 s        4.3 s
   62  Be5           0.3 s        4.5 s
   63  Bxc3          0.5 s        4.4 s
   64  Rd4+          0.2 s        4.7 s
   65  Rd3+          0.1 s        5.1 s
   66  Rd2+          0.4 s        5.2 s
   67  Rb2           0.5 s        5.2 s
   68  Ke7           0.2 s        5.5 s
   69  Bf6           0.4 s        5.6 s
   70  Re2           1.1 s        5.0 s
   71  Re6           0.8 s        4.7 s
   72  Rxf6          0.5 s        4.7 s
   73  Rc5           0.5 s        4.7 s
   74  Ke8           0.5 s        4.7 s
   75  Kf8           0.9 s        4.3 s
   76  Re6           0.8 s        3.9 s
   77  Rd6           0.8 s        3.7 s
   78  Ke8           0.8 s        3.4 s
   79  Kd8           0.0 s        3.9 s
   80  Rcc6          0.3 s        4.1 s
   81  Kc7           0.4 s        4.2 s
   82  Rg6           0.6 s        4.1 s
   83  Rg2           0.4 s        4.2 s
   84  Rxg8          0.3 s        4.4 s
   85  Rc5+          0.7 s        4.2 s
   86  Kb7           0.9 s        3.8 s
   87  Rc6+          0.6 s        3.7 s
   88  Rb6           0.7 s        3.5 s
   89  Ka7           0.6 s        3.4 s
   90  Kb7           0.2 s        3.6 s
   91  Kxb6          0.5 s        3.6 s
   92  Kc7           0.6 s        3.6 s
   93  Kc6           0.7 s        3.4 s
   94  Kb6           0.4 s        3.5 s
   95  Kc7           0.3 s        3.7 s
   96  Kb7           0.5 s        3.6 s
   97  Ka8           0.2 s        4.0 s
   98  Kb7           0.0 s        4.5 s
   99  Kxa8          0.0 s        5.0 s
  100  Kb8           0.0 s        5.5 s
  101  Ka7           0.0 s        6.0 s
  102  Ka6           0.0 s        6.5 s
  103  Ka5           0.0 s        6.9 s
  104  Ka6           0.0 s        7.4 s

OUTPUT
  7,060 bytes on stderr

  native engine ready after 28.8s
  init: native engine ready after 28.8s
  nativesearch e8g8 depth 13 score -31 nodes 1292806 2495ms clock 120000
  nativesearch a7a5 depth 13 score -30 nodes 2526063 5092ms clock 118002
  nativesearch c8e6 depth 12 score -43 nodes 463156 980ms clock 113406
  nativesearch e6c4 depth 13 score -32 nodes 2166662 4435ms clock 112923
  nativesearch f6d7 depth 13 score -12 nodes 858971 1679ms clock 108986
  nativesearch c6b4 depth 13 score -33 nodes 1382098 2629ms clock 107804
  nativesearch b4a6 depth 13 score -34 nodes 1117342 2192ms clock 105672
  nativesearch c7c6 depth 12 score -39 nodes 553861 1110ms clock 103978
  nativesearch a6c5 depth 13 score -45 nodes 2436570 4784ms clock 103365
  nativesearch c5e6 depth 15 score -8 nodes 5781289 11452ms clock 99078
  nativesearch d8c7 depth 13 score -12 nodes 1026323 2000ms clock 88123
  nativesearch a8e8 depth 12 score -11 nodes 485601 961ms clock 86621
  nativesearch e7d8 depth 12 score -5 nodes 1208322 2477ms clock 86152
  nativesearch e6d4 depth 14 score -30 nodes 1653596 3372ms clock 84173
  nativesearch d8f6 depth 14 score -9 nodes 1011042 1962ms clock 81298
  nativesearch d7c5 depth 14 score -28 nodes 1408710 2874ms clock 79833
  nativesearch d4e6 depth 14 score -28 nodes 976046 2018ms clock 77455
  nativesearch g7g6 depth 13 score 1 nodes 951712 1860ms clock 75936
  nativesearch f6g7 depth 14 score 19 nodes 2335738 4649ms clock 74573
  nativesearch b7b6 depth 13 score 3 nodes 3382439 6905ms clock 70422
  nativesearch f7f6 depth 12 score -22 nodes 545635 1098ms clock 64014
  nativesearch c7e7 depth 13 score -30 nodes 1743256 3525ms clock 63408
  nativesearch e8d8 depth 13 score 1 nodes 1470540 2975ms clock 60379
  nativesearch f8f7 depth 14 score 7 nodes 1383517 2789ms clock 57900
  nativesearch g8h8 depth 14 score -7 nodes 1306763 2604ms clock 55608
  nativesearch e7f8 depth 15 score -7 nodes 2340099 4675ms clock 53501
  nativesearch f6f5 depth 12 score 50 nodes 418148 854ms clock 49323
  nativesearch g6f5 depth 13 score -26 nodes 711831 1371ms clock 48967
  nativesearch d6d5 depth 13 score -30 nodes 941878 1872ms clock 48093
  nativesearch f5f4 depth 14 score -107 nodes 2083886 3996ms clock 46714
  nativesearch b6c5 depth 14 score -76 nodes 352843 666ms clock 43215
  nativesearch g7e5 depth 13 score 8 nodes 635090 1195ms clock 43047
  nativesearch e5c3 depth 14 score -16 nodes 1002413 1862ms clock 42350
  nativesearch c3d2 depth 15 score -116 nodes 1180530 2127ms clock 40985
  nativesearch d2c3 depth 14 score -30 nodes 559697 1049ms clock 39356
  nativesearch d8d7 depth 14 score -30 nodes 4244828 7427ms clock 38804
  nativesearch f7f5 depth 14 score -94 nodes 3172925 5702ms clock 31874
  nativesearch d7d1 depth 15 score -30 nodes 1548252 2578ms clock 26669
  nativesearch f8g8 depth 16 score -30 nodes 2640780 4274ms clock 24587
  nativesearch c3d4 depth 11 score -94 nodes 2002727 3054ms clock 20811
  nativesearch g8f7 depth 11 score -60 nodes 1325767 1920ms clock 18255
  nativesearch h8g7 depth 11 score -60 nodes 2187479 3377ms clock 16832
  nativesearch g7f6 depth 0 score 0 nodes 0 0ms clock 13953
  nativesearch f7g6 depth 0 score 0 nodes 0 0ms clock 14449
  nativesearch f6e6 depth 12 score -30 nodes 1897753 2925ms clock 14945
  nativesearch e6e7 depth 12 score -30 nodes 246773 399ms clock 12518
  nativesearch f5f8 depth 13 score -30 nodes 256753 407ms clock 12616
  nativesearch d4f6 depth 15 score -30 nodes 1423824 2235ms clock 12708
  nativesearch d1d6 depth 15 score -30 nodes 1408927 2108ms clock 10970
  nativesearch f8c8 depth 10 score 17 nodes 1343595 2023ms clock 9359
  nativesearch e7e6 depth 10 score 14 nodes 669883 1026ms clock 7832
  nativesearch f6d4 depth 9 score 40 nodes 413687 614ms clock 7304
  nativesearch e6e7 depth 10 score 23 nodes 827595 1289ms clock 7188
  nativesearch d4e5 depth 9 score 83 nodes 316781 480ms clock 6397
  nativesearch e7f6 depth 9 score 172 nodes 233901 394ms clock 6414
  nativesearch d6d2 depth 10 score 105 nodes 798477 1237ms clock 6518
  nativesearch e5d6 depth 8 score 31 nodes 725930 1081ms clock 5778
  nativesearch c8c7 depth 9 score -16 nodes 295993 444ms clock 5190
  nativesearch f6e7 depth 8 score -16 nodes 615999 954ms clock 5244
  nativesearch e7d8 depth 9 score 7 nodes 404079 543ms clock 4787
  nativesearch d8d7 depth 9 score 7 nodes 633182 940ms clock 4742
  nativesearch d6e5 depth 10 score -30 nodes 247380 340ms clock 4300
  nativesearch e5c3 depth 9 score -52 nodes 427569 547ms clock 4453
  nativesearch d2d4 depth 8 score -30 nodes 162059 218ms clock 4404
  nativesearch d4d3 depth 8 score -30 nodes 66649 109ms clock 4684
  nativesearch d3d2 depth 9 score -30 nodes 273631 359ms clock 5073
  nativesearch d2b2 depth 10 score -30 nodes 420080 536ms clock 5212
  nativesearch d7e7 depth 9 score -30 nodes 127679 169ms clock 5173
  nativesearch c3f6 depth 8 score -30 nodes 319519 417ms clock 5502
  nativesearch b2e2 depth 8 score -30 nodes 837504 1117ms clock 5583
  nativesearch e2e6 depth 6 score -69 nodes 640601 790ms clock 4962
  nativesearch e6f6 depth 8 score -124 nodes 410241 502ms clock 4669
  nativesearch c7c5 depth 9 score -111 nodes 344179 452ms clock 4665
  nativesearch e7e8 depth 8 score -111 nodes 365963 514ms clock 4710
  nativesearch e8f8 depth 10 score -114 nodes 691771 897ms clock 4694
  nativesearch f6e6 depth 8 score -157 nodes 641515 843ms clock 4294
  nativesearch e6d6 depth 9 score -163 nodes 630421 794ms clock 3949
  nativesearch f8e8 depth 9 score -445 nodes 568344 758ms clock 3653
  nativesearch e8d8 depth 0 score 0 nodes 0 0ms clock 3391
  nativesearch c5c6 depth 9 score -585 nodes 306421 330ms clock 3890
  nativesearch d8c7 depth 8 score -525 nodes 271286 348ms clock 4058
  nativesearch d6g6 depth 8 score -525 nodes 497463 608ms clock 4208
  nativesearch g6g2 depth 9 score -585 nodes 395380 441ms clock 4098
  nativesearch g2g8 depth 10 score -616 nodes 255246 273ms clock 4155
  nativesearch c6c5 depth 9 score -616 nodes 631445 655ms clock 4379
  nativesearch c7b7 depth 9 score -631 nodes 789178 870ms clock 4222
  nativesearch c5c6 depth 9 score -779 nodes 564296 603ms clock 3848
  nativesearch c6b6 depth 9 score -779 nodes 634324 727ms clock 3743
  nativesearch b7a7 depth 9 score -865 nodes 623037 646ms clock 3511
  nativesearch a7b7 depth 8 score -900 nodes 240256 242ms clock 3363
  nativesearch b7b6 depth 15 score -2456 nodes 505029 467ms clock 3619
  nativesearch b6c7 depth 14 score -3355 nodes 628278 556ms clock 3650
  nativesearch c7c6 depth 12 score -2326 nodes 821466 693ms clock 3592
  nativesearch c6b6 depth 12 score -2182 nodes 412629 385ms clock 3397
  nativesearch b6c7 depth 11 score -2182 nodes 523742 344ms clock 3510
  nativesearch c7b7 depth 14 score -1570 nodes 815094 536ms clock 3664
  nativesearch b7a8 depth 16 score -99984 nodes 259103 163ms clock 3625
  nativesearch a8b7 depth 0 score 0 nodes 0 0ms clock 3959
  nativesearch b7a8 depth 12 score -99988 nodes 177 1ms clock 4457
  nativesearch a8b8 depth 0 score 0 nodes 0 0ms clock 4954
  nativesearch b8a7 depth 0 score 0 nodes 0 0ms clock 5453
  nativesearch a7a6 depth 0 score 0 nodes 0 0ms clock 5951
  nativesearch a6a5 depth 0 score 0 nodes 0 0ms clock 6449
  nativesearch a5a6 depth 0 score 0 nodes 0 0ms clock 6948

Email hello@aichessathon.com with this file if anything here is unclear.
