AI CHESSATHON MATCH LOG
=======================

MATCH
  Round          Rated 80
  Team           catfish
  Colour         Black
  Opponent       zak
  Opening        Semi-Slav Defence
  Start FEN      r1bqk2r/pp1n1ppp/2pbpn2/3p4/P1PP4/2N1PN2/1P2BPPP/R1BQK2R b KQkq - 2 7
  You moved      First
  Machine        w-a7529c
  Finished       2026-09-09 11:06:18 UTC
  Match ID       141d3aea-c7eb-4a80-b8dc-7215d27af663

INIT
  Ready in       26.1 s
  Budget         90.0 s
  Used           29 percent

CLOCK
  Base           120.0 s plus 0.5 s per move
  Moves          71
  Time used      143.3 s
  Slowest        8.3 s on move 17
  Fastest        0.0 s on move 69
  Average        2.0 s
  Left at end    12.2 s

RESULT
  Won by checkmate
  Game lasted 290.3 s

MOVES
    #  move          time     clock left
    1  O-O           3.6 s      116.9 s
    2  Re8           1.2 s      116.2 s
    3  a5            1.2 s      115.5 s
    4  Bxa3          1.9 s      114.1 s
    5  b6            2.6 s      112.0 s
    6  Qe7           2.9 s      109.6 s
    7  Bb7           2.9 s      107.2 s
    8  Rad8          3.5 s      104.3 s
    9  c5            6.2 s       98.6 s
   10  e5            4.6 s       94.5 s
   11  Nxe5          2.2 s       92.8 s
   12  Qxe5          4.3 s       89.0 s
   13  h6            4.0 s       85.5 s
   14  Rd7           3.0 s       83.0 s
   15  Bc6           2.4 s       81.1 s
   16  Red8          3.1 s       78.5 s
   17  Qg5           8.3 s       70.7 s
   18  Rd6           4.8 s       66.4 s
   19  Bxb5          1.2 s       65.7 s
   20  h5            2.8 s       63.4 s
   21  g6            3.4 s       60.5 s
   22  Nd7           7.6 s       53.4 s
   23  d4            4.0 s       49.9 s
   24  cxd4          2.0 s       48.4 s
   25  Qxd2          3.0 s       45.8 s
   26  Nc5           0.9 s       45.4 s
   27  h4            1.0 s       44.9 s
   28  Kg7           2.0 s       43.4 s
   29  R6d7          2.4 s       41.5 s
   30  Rxd7          1.8 s       40.2 s
   31  hxg3          1.0 s       39.7 s
   32  f5            2.8 s       37.4 s
   33  Kf6           2.9 s       35.0 s
   34  Ke5           0.5 s       35.0 s
   35  g5            3.2 s       32.3 s
   36  g4+           0.9 s       32.0 s
   37  Ke4           1.8 s       30.6 s
   38  d3            1.4 s       29.7 s
   39  Ke5           0.7 s       29.5 s
   40  d2            1.2 s       28.8 s
   41  Ne4           1.6 s       27.6 s
   42  Nxg3          3.4 s       24.8 s
   43  Ne4+          3.8 s       21.5 s
   44  g3            1.3 s       20.7 s
   45  Nf2           2.3 s       18.8 s
   46  Kf4           1.3 s       18.0 s
   47  Ng4           0.3 s       18.2 s
   48  Ne3           1.4 s       17.3 s
   49  g2            1.4 s       16.4 s
   50  Kg3           0.4 s       16.5 s
   51  Kf2           1.3 s       15.7 s
   52  g1=Q          0.5 s       15.7 s
   53  Kxg1          0.6 s       15.6 s
   54  f4            3.4 s       12.8 s
   55  Rd6           0.6 s       12.7 s
   56  Ng4           0.4 s       12.8 s
   57  Rxh6          0.4 s       12.8 s
   58  axb4+         0.3 s       13.0 s
   59  Ne5           0.9 s       12.6 s
   60  f3            0.6 s       12.5 s
   61  Rh4+          1.0 s       12.0 s
   62  Nxf3          1.0 s       11.6 s
   63  bxa5          0.3 s       11.8 s
   64  Kf1           2.5 s        9.8 s
   65  Ke2           0.9 s        9.4 s
   66  Rb4           0.2 s        9.7 s
   67  Ng5           0.0 s       10.2 s
   68  Ne4+          0.0 s       10.7 s
   69  Rxb6          0.0 s       11.2 s
   70  Kd3           0.0 s       11.7 s
   71  Rb1#          0.0 s       12.2 s

OUTPUT
  4,984 bytes on stderr

  native engine ready after 25.6s
  init: native engine ready after 25.6s
  nativesearch e8g8 depth 14 score -29 nodes 2274572 3592ms clock 120000
  nativesearch f8e8 depth 12 score -29 nodes 767570 1246ms clock 116905
  nativesearch a7a5 depth 11 score -29 nodes 735715 1187ms clock 116157
  nativesearch d6a3 depth 12 score -35 nodes 1229968 1894ms clock 115468
  nativesearch b7b6 depth 13 score -19 nodes 1626057 2576ms clock 114072
  nativesearch d8e7 depth 12 score -19 nodes 1827887 2897ms clock 111994
  nativesearch c8b7 depth 11 score -8 nodes 1800796 2850ms clock 109594
  nativesearch a8d8 depth 10 score -30 nodes 2189619 3467ms clock 107242
  nativesearch c6c5 depth 14 score -30 nodes 3891210 6177ms clock 104273
  nativesearch e6e5 depth 15 score -22 nodes 2991073 4634ms clock 98593
  nativesearch d7e5 depth 16 score -19 nodes 1419750 2150ms clock 94457
  nativesearch e7e5 depth 16 score -10 nodes 2933419 4331ms clock 92805
  nativesearch h7h6 depth 16 score -15 nodes 2655165 4015ms clock 88972
  nativesearch d8d7 depth 14 score -21 nodes 2004812 2991ms clock 85455
  nativesearch b7c6 depth 12 score 2 nodes 1573353 2355ms clock 82962
  nativesearch e8d8 depth 13 score 36 nodes 2085042 3057ms clock 81105
  nativesearch e5g5 depth 16 score 8 nodes 5626639 8337ms clock 78540
  nativesearch d7d6 depth 15 score 32 nodes 3168561 4787ms clock 70701
  nativesearch c6b5 depth 13 score 51 nodes 866667 1203ms clock 66412
  nativesearch h6h5 depth 14 score 86 nodes 1896238 2760ms clock 65706
  nativesearch g7g6 depth 15 score 92 nodes 2330784 3432ms clock 63443
  nativesearch f6d7 depth 16 score 101 nodes 5249519 7640ms clock 60509
  nativesearch d5d4 depth 16 score 92 nodes 2772123 3998ms clock 53367
  nativesearch c5d4 depth 16 score 153 nodes 1493503 2002ms clock 49866
  nativesearch g5d2 depth 17 score 186 nodes 2275722 3036ms clock 48362
  nativesearch d7c5 depth 17 score 185 nodes 752542 928ms clock 45824
  nativesearch h5h4 depth 16 score 174 nodes 821778 1032ms clock 45394
  nativesearch g8g7 depth 15 score 170 nodes 1583337 1970ms clock 44861
  nativesearch d6d7 depth 18 score 211 nodes 1952578 2414ms clock 43388
  nativesearch d8d7 depth 18 score 191 nodes 1572419 1784ms clock 41472
  nativesearch h4g3 depth 17 score 201 nodes 888908 1006ms clock 40186
  nativesearch f7f5 depth 17 score 242 nodes 2449142 2759ms clock 39678
  nativesearch g7f6 depth 16 score 292 nodes 2594605 2884ms clock 37418
  nativesearch f6e5 depth 16 score 292 nodes 451123 524ms clock 35031
  nativesearch g6g5 depth 16 score 364 nodes 2805491 3171ms clock 35006
  nativesearch g5g4 depth 11 score 400 nodes 767576 877ms clock 32333
  nativesearch e5e4 depth 13 score 404 nodes 1569275 1807ms clock 31953
  nativesearch d4d3 depth 16 score 500 nodes 1231376 1397ms clock 30645
  nativesearch e4e5 depth 16 score 474 nodes 630005 729ms clock 29746
  nativesearch d3d2 depth 16 score 543 nodes 1076163 1220ms clock 29515
  nativesearch c5e4 depth 16 score 578 nodes 1567368 1645ms clock 28793
  nativesearch e4g3 depth 16 score 604 nodes 3310699 3370ms clock 27646
  nativesearch g3e4 depth 16 score 602 nodes 3503061 3797ms clock 24774
  nativesearch g4g3 depth 17 score 606 nodes 1203346 1305ms clock 21475
  nativesearch e4f2 depth 13 score 644 nodes 2135292 2344ms clock 20668
  nativesearch e5f4 depth 13 score 604 nodes 1180991 1295ms clock 18822
  nativesearch f2g4 depth 13 score 601 nodes 318579 323ms clock 18024
  nativesearch g4e3 depth 13 score 732 nodes 1359201 1394ms clock 18199
  nativesearch g3g2 depth 13 score 809 nodes 1304212 1363ms clock 17303
  nativesearch f4g3 depth 12 score 807 nodes 407985 431ms clock 16438
  nativesearch g3f2 depth 12 score 846 nodes 1264924 1321ms clock 16505
  nativesearch g2g1q depth 10 score 850 nodes 464228 486ms clock 15682
  nativesearch f2g1 depth 12 score 847 nodes 547795 549ms clock 15694
  nativesearch f5f4 depth 13 score 856 nodes 3332865 3387ms clock 15642
  nativesearch d7d6 depth 12 score 896 nodes 556717 562ms clock 12752
  nativesearch e3g4 depth 12 score 977 nodes 449118 429ms clock 12688
  nativesearch d6h6 depth 12 score 1061 nodes 453746 436ms clock 12757
  nativesearch a5b4 depth 12 score 1165 nodes 311742 290ms clock 12820
  nativesearch g4e5 depth 13 score 1146 nodes 1077472 902ms clock 13028
  nativesearch f4f3 depth 11 score 1399 nodes 707864 630ms clock 12624
  nativesearch h6h4 depth 13 score 1652 nodes 1108077 969ms clock 12492
  nativesearch e5f3 depth 14 score 1520 nodes 1125190 962ms clock 12022
  nativesearch b6a5 depth 13 score 1778 nodes 307049 257ms clock 11558
  nativesearch g1f1 depth 12 score 99981 nodes 3975203 2456ms clock 11800
  nativesearch f1e2 depth 11 score 99987 nodes 1639819 900ms clock 9843
  nativesearch h4b4 depth 10 score 99989 nodes 392968 219ms clock 9440
  nativesearch f3g5 depth 9 score 99991 nodes 41374 24ms clock 9720
  nativesearch g5e4 depth 7 score 99993 nodes 10799 7ms clock 10194
  nativesearch b4b6 depth 5 score 99995 nodes 204 1ms clock 10686
  nativesearch e2d3 depth 3 score 99997 nodes 119 0ms clock 11184
  nativesearch b6b1 depth 1 score 99999 nodes 28 0ms clock 11682

Email hello@aichessathon.com with this file if anything here is unclear.
