AI CHESSATHON MATCH LOG
=======================

MATCH
  Round          Qualifier round 92
  Team           catfish
  Colour         White
  Opponent       Gladiator
  Opening        Sicilian Closed
  Start FEN      r1bqk2r/pp2npbp/2npp1p1/2p5/4P3/2NPB1P1/PPP1NPBP/R2QK2R w KQkq - 2 8
  You moved      First
  Machine        w-3e66b7
  Finished       2026-09-10 08:06:46 UTC
  Match ID       dcd71acd-34f9-46ae-9565-b57d5ec4f6e4

INIT
  Ready in       26.8 s
  Budget         90.0 s
  Used           30 percent

CLOCK
  Base           120.0 s plus 0.5 s per move
  Moves          92
  Time used      157.4 s
  Slowest        7.4 s on move 21
  Fastest        0.0 s on move 92
  Average        1.7 s
  Left at end    8.6 s

RESULT
  Won by checkmate
  Game lasted 302.6 s

MOVES
    #  move          time     clock left
    1  d4            5.5 s      115.0 s
    2  dxc5          1.9 s      113.6 s
    3  O-O           1.9 s      112.2 s
    4  Nc1           2.2 s      110.4 s
    5  a4            2.1 s      108.8 s
    6  Qe2           2.8 s      106.5 s
    7  Qxc4          1.8 s      105.2 s
    8  Nb5           1.6 s      104.1 s
    9  Qb3           5.7 s       98.9 s
   10  Nxb3          5.1 s       94.3 s
   11  Rab1          2.3 s       92.5 s
   12  c4            1.3 s       91.7 s
   13  c5            1.3 s       90.9 s
   14  Rfc1          4.6 s       86.8 s
   15  Rc2           3.0 s       84.3 s
   16  f4            6.5 s       78.3 s
   17  Bd2           3.0 s       75.8 s
   18  h3            2.5 s       73.8 s
   19  axb5          3.2 s       71.1 s
   20  Bf1           3.1 s       68.6 s
   21  Kg2           7.4 s       61.7 s
   22  Rxb3          1.5 s       60.7 s
   23  Kf3           1.6 s       59.7 s
   24  Rb7           3.7 s       56.4 s
   25  Ra2           3.1 s       53.9 s
   26  Bc3           4.0 s       50.3 s
   27  Be1           0.9 s       50.0 s
   28  Bc4           3.3 s       47.2 s
   29  Ra4           4.1 s       43.6 s
   30  g4            1.7 s       42.4 s
   31  Rc7           2.6 s       40.3 s
   32  fxg5          2.1 s       38.7 s
   33  hxg4          5.7 s       33.5 s
   34  g6            6.1 s       27.9 s
   35  Kg2           2.6 s       25.8 s
   36  gxf7          4.8 s       21.5 s
   37  Bd2           2.7 s       19.3 s
   38  Bxe3          1.2 s       18.6 s
   39  Ra1           0.7 s       18.4 s
   40  Rf1           0.8 s       18.1 s
   41  Re7           1.1 s       17.5 s
   42  Bxe6          0.8 s       17.2 s
   43  Rxe6          1.0 s       16.7 s
   44  Rxf7+         0.4 s       16.8 s
   45  Ra6           0.4 s       16.9 s
   46  Kf3           0.9 s       16.5 s
   47  e5            3.0 s       14.0 s
   48  Rxa3          1.3 s       13.2 s
   49  Ra8           1.8 s       11.9 s
   50  Rc8           2.4 s       10.0 s
   51  Kf4           0.4 s       10.1 s
   52  Ke4           0.9 s        9.7 s
   53  Rg8           0.5 s        9.8 s
   54  Rd8           0.6 s        9.7 s
   55  Rc8           0.5 s        9.7 s
   56  Rxc5          0.6 s        9.6 s
   57  Rb5           1.0 s        9.1 s
   58  Ra5           0.3 s        9.2 s
   59  Rd5           0.3 s        9.4 s
   60  Kf4           0.3 s        9.6 s
   61  Rb5           0.7 s        9.3 s
   62  Kf3           1.8 s        8.0 s
   63  Rb2           1.2 s        7.3 s
   64  Rc2           1.4 s        6.4 s
   65  Rc8           0.2 s        6.7 s
   66  Rg8+          1.3 s        5.8 s
   67  Ke4           0.8 s        5.6 s
   68  g5+           0.3 s        5.8 s
   69  Rc8           0.6 s        5.7 s
   70  Kf3           0.8 s        5.4 s
   71  Kg4           0.2 s        5.7 s
   72  Ra8           0.7 s        5.6 s
   73  Ra6+          1.2 s        4.8 s
   74  Kf5           0.2 s        5.2 s
   75  Rd6           0.4 s        5.3 s
   76  Rb6           1.0 s        4.8 s
   77  Rb7+          0.9 s        4.4 s
   78  g6            0.8 s        4.1 s
   79  g7            0.7 s        3.9 s
   80  Rxg7          0.2 s        4.2 s
   81  Rg4           0.4 s        4.3 s
   82  Ke5           0.2 s        4.6 s
   83  Rc4+          0.3 s        4.8 s
   84  Kd5           0.2 s        5.0 s
   85  Kd6           0.4 s        5.2 s
   86  Rd4           0.0 s        5.6 s
   87  Rd5           0.0 s        6.1 s
   88  Rb5+          0.0 s        6.6 s
   89  Kc6           0.0 s        7.1 s
   90  Ra5+          0.0 s        7.6 s
   91  Ra4           0.0 s        8.1 s
   92  Ra8#          0.0 s        8.6 s

OUTPUT
  6,374 bytes on stderr

  native engine ready after 26.1s
  init: native engine ready after 26.1s
  nativesearch d3d4 depth 14 score 1 nodes 3266938 5455ms clock 120000
  nativesearch d4c5 depth 14 score -19 nodes 1152205 1943ms clock 115043
  nativesearch e1g1 depth 14 score -19 nodes 1146873 1934ms clock 113597
  nativesearch e2c1 depth 13 score 14 nodes 1308485 2244ms clock 112160
  nativesearch a2a4 depth 14 score 9 nodes 1228146 2072ms clock 110414
  nativesearch d1e2 depth 15 score 27 nodes 1786776 2826ms clock 108839
  nativesearch e2c4 depth 15 score 27 nodes 1126994 1797ms clock 106510
  nativesearch c3b5 depth 16 score 27 nodes 1042654 1614ms clock 105211
  nativesearch c4b3 depth 16 score 99 nodes 3857209 5694ms clock 104094
  nativesearch c1b3 depth 17 score 93 nodes 3474105 5101ms clock 98898
  nativesearch a1b1 depth 16 score 101 nodes 1564492 2309ms clock 94294
  nativesearch c2c4 depth 14 score 101 nodes 844888 1258ms clock 92479
  nativesearch c4c5 depth 12 score 93 nodes 881834 1302ms clock 91719
  nativesearch f1c1 depth 14 score 127 nodes 3283774 4622ms clock 90915
  nativesearch c1c2 depth 14 score 153 nodes 2076858 3011ms clock 86789
  nativesearch f2f4 depth 15 score 120 nodes 4324385 6465ms clock 84276
  nativesearch e3d2 depth 16 score 171 nodes 2137398 3020ms clock 78309
  nativesearch h2h3 depth 16 score 174 nodes 1745697 2455ms clock 75786
  nativesearch a4b5 depth 16 score 64 nodes 2361713 3184ms clock 73829
  nativesearch g2f1 depth 17 score 91 nodes 2360137 3061ms clock 71143
  nativesearch g1g2 depth 16 score 208 nodes 5288239 7365ms clock 68579
  nativesearch b1b3 depth 17 score 172 nodes 1050019 1462ms clock 61712
  nativesearch g2f3 depth 16 score 173 nodes 1159506 1583ms clock 60748
  nativesearch b3b7 depth 17 score 207 nodes 2703843 3722ms clock 59662
  nativesearch c2a2 depth 16 score 194 nodes 2250678 3075ms clock 56437
  nativesearch d2c3 depth 15 score 186 nodes 2873855 4012ms clock 53859
  nativesearch c3e1 depth 14 score 189 nodes 633856 859ms clock 50344
  nativesearch f1c4 depth 13 score 217 nodes 2295426 3265ms clock 49982
  nativesearch a2a4 depth 14 score 238 nodes 2948634 4099ms clock 47215
  nativesearch g3g4 depth 12 score 218 nodes 1201679 1721ms clock 43614
  nativesearch b7c7 depth 13 score 306 nodes 1923933 2582ms clock 42391
  nativesearch f4g5 depth 14 score 328 nodes 1627283 2118ms clock 40306
  nativesearch h3g4 depth 14 score 342 nodes 4437844 5672ms clock 38686
  nativesearch g5g6 depth 16 score 294 nodes 4798892 6095ms clock 33512
  nativesearch f3g2 depth 15 score 281 nodes 2143606 2581ms clock 27915
  nativesearch g6f7 depth 16 score 359 nodes 3903791 4827ms clock 25830
  nativesearch e1d2 depth 16 score 334 nodes 2272621 2686ms clock 21501
  nativesearch d2e3 depth 15 score 294 nodes 981268 1171ms clock 19312
  nativesearch a4a1 depth 15 score 294 nodes 605984 708ms clock 18638
  nativesearch a1f1 depth 16 score 318 nodes 772084 838ms clock 18428
  nativesearch c7e7 depth 17 score 341 nodes 1059251 1114ms clock 18088
  nativesearch c4e6 depth 17 score 355 nodes 762286 772ms clock 17470
  nativesearch e7e6 depth 18 score 370 nodes 1047298 987ms clock 17196
  nativesearch f1f7 depth 17 score 370 nodes 416616 389ms clock 16706
  nativesearch e6a6 depth 19 score 371 nodes 423045 383ms clock 16815
  nativesearch g2f3 depth 19 score 373 nodes 1010868 899ms clock 16930
  nativesearch e4e5 depth 17 score 373 nodes 3539639 2990ms clock 16529
  nativesearch a6a3 depth 18 score 424 nodes 1590934 1333ms clock 14037
  nativesearch a3a8 depth 18 score 450 nodes 2170121 1813ms clock 13202
  nativesearch a8c8 depth 15 score 450 nodes 3061941 2390ms clock 11887
  nativesearch f3f4 depth 15 score 491 nodes 493787 389ms clock 9995
  nativesearch f4e4 depth 16 score 534 nodes 1049200 864ms clock 10104
  nativesearch c8g8 depth 17 score 539 nodes 588651 471ms clock 9739
  nativesearch g8d8 depth 19 score 539 nodes 740995 566ms clock 9766
  nativesearch d8c8 depth 18 score 539 nodes 728313 544ms clock 9696
  nativesearch c8c5 depth 17 score 568 nodes 742312 571ms clock 9651
  nativesearch c5b5 depth 18 score 561 nodes 1442017 1020ms clock 9578
  nativesearch b5a5 depth 16 score 561 nodes 439825 316ms clock 9056
  nativesearch a5d5 depth 16 score 565 nodes 466362 335ms clock 9232
  nativesearch e4f4 depth 14 score 568 nodes 455428 319ms clock 9394
  nativesearch d5b5 depth 18 score 579 nodes 995242 724ms clock 9573
  nativesearch f4f3 depth 17 score 579 nodes 2349029 1797ms clock 9345
  nativesearch b5b2 depth 20 score 619 nodes 1721006 1236ms clock 8046
  nativesearch b2c2 depth 18 score 619 nodes 1891429 1414ms clock 7308
  nativesearch c2c8 depth 15 score 667 nodes 309600 223ms clock 6392
  nativesearch c8g8 depth 16 score 667 nodes 1868354 1348ms clock 6667
  nativesearch f3e4 depth 17 score 693 nodes 1030158 761ms clock 5817
  nativesearch g4g5 depth 16 score 690 nodes 349750 255ms clock 5553
  nativesearch g8c8 depth 19 score 712 nodes 784202 570ms clock 5797
  nativesearch e4f3 depth 20 score 727 nodes 1122299 807ms clock 5725
  nativesearch f3g4 depth 19 score 727 nodes 231889 172ms clock 5416
  nativesearch c8a8 depth 18 score 757 nodes 923183 680ms clock 5742
  nativesearch a8a6 depth 17 score 757 nodes 1616824 1215ms clock 5560
  nativesearch g4f5 depth 15 score 847 nodes 243837 165ms clock 4843
  nativesearch a6d6 depth 16 score 816 nodes 511990 351ms clock 5176
  nativesearch d6b6 depth 17 score 816 nodes 1393660 1022ms clock 5324
  nativesearch b6b7 depth 15 score 1318 nodes 1295688 928ms clock 4798
  nativesearch g5g6 depth 11 score 1073 nodes 1102490 749ms clock 4369
  nativesearch g6g7 depth 9 score 1402 nodes 1054425 727ms clock 4118
  nativesearch b7g7 depth 14 score 2480 nodes 315150 215ms clock 3889
  nativesearch g7g4 depth 14 score 99971 nodes 683153 385ms clock 4172
  nativesearch f5e5 depth 14 score 99975 nodes 313573 178ms clock 4285
  nativesearch g4c4 depth 14 score 99979 nodes 539613 330ms clock 4604
  nativesearch e5d5 depth 15 score 99983 nodes 415336 225ms clock 4772
  nativesearch d5d6 depth 15 score 99985 nodes 678872 387ms clock 5045
  nativesearch c4d4 depth 13 score 99987 nodes 20959 20ms clock 5156
  nativesearch d4d5 depth 11 score 99989 nodes 3708 3ms clock 5633
  nativesearch d5b5 depth 9 score 99991 nodes 1152 1ms clock 6128
  nativesearch d6c6 depth 7 score 99993 nodes 235 1ms clock 6625
  nativesearch b5a5 depth 5 score 99995 nodes 163 0ms clock 7123
  nativesearch a5a4 depth 3 score 99997 nodes 97 0ms clock 7621
  nativesearch a4a8 depth 1 score 99999 nodes 20 1ms clock 8119

Email hello@aichessathon.com with this file if anything here is unclear.
