AI CHESSATHON MATCH LOG
=======================

MATCH
  Round          Qualifier round 34
  Team           catfish
  Colour         White
  Opponent       Magnus.AI
  Opening        Sicilian Closed
  Start FEN      1rbqk1nr/pp2ppbp/2np2p1/2p5/P3P3/2NP2P1/1PP1NPBP/R1BQK2R b KQk - 0 7
  You moved      Second
  Machine        w-6272d4
  Finished       2026-09-06 10:16:05 UTC
  Match ID       c39e0a21-efbb-42a8-a709-f31496ef264e

INIT
  Ready in       41.4 s
  Budget         90.0 s
  Used           46 percent

CLOCK
  Base           120.0 s plus 0.5 s per move
  Moves          23
  Time used      31.8 s
  Slowest        2.9 s on move 8
  Fastest        0.0 s on move 20
  Average        1.4 s
  Left at end    99.7 s

RESULT
  Won by checkmate
  Game lasted 91.8 s

MOVES
    #  move          time     clock left
    1  O-O           1.7 s      118.8 s
    2  h3            0.6 s      118.6 s
    3  Nd5           1.7 s      117.4 s
    4  exd5          1.5 s      116.4 s
    5  Nxd4          2.6 s      114.3 s
    6  c3            1.3 s      113.5 s
    7  Re1           0.9 s      113.1 s
    8  dxe6          2.9 s      110.7 s
    9  Bf4           2.1 s      109.1 s
   10  Be3           1.8 s      107.9 s
   11  Qh5           1.4 s      106.9 s
   12  h4            1.0 s      106.4 s
   13  Bxh6          2.8 s      104.1 s
   14  Re3           0.9 s      103.6 s
   15  Kf1           2.4 s      101.7 s
   16  Be4           1.9 s      100.3 s
   17  Rf3           2.4 s       98.3 s
   18  Kxf2          1.5 s       97.3 s
   19  Rg1+          0.1 s       97.7 s
   20  Rxg4+         0.0 s       98.2 s
   21  Bh7+          0.0 s       98.7 s
   22  Bxg7+         0.0 s       99.2 s
   23  Qh8#          0.0 s       99.7 s

OUTPUT
  1,648 bytes on stderr

  native engine ready after 40.9s
  init: native engine ready after 40.9s
  nativesearch e1g1 depth 11 score 5 nodes 1550219 1729ms clock 120000
  nativesearch h2h3 depth 10 score 13 nodes 548194 640ms clock 118769
  nativesearch c3d5 depth 12 score 21 nodes 1509859 1726ms clock 118626
  nativesearch e4d5 depth 13 score 12 nodes 1413201 1542ms clock 117398
  nativesearch e2d4 depth 13 score 24 nodes 2344926 2597ms clock 116354
  nativesearch c2c3 depth 12 score 20 nodes 1144729 1267ms clock 114255
  nativesearch f1e1 depth 11 score 15 nodes 819673 866ms clock 113485
  nativesearch d5e6 depth 13 score 36 nodes 2666307 2917ms clock 113117
  nativesearch c1f4 depth 12 score 42 nodes 1820229 2055ms clock 110697
  nativesearch f4e3 depth 12 score 90 nodes 1436199 1781ms clock 109140
  nativesearch d1h5 depth 11 score 127 nodes 1081227 1446ms clock 107857
  nativesearch h3h4 depth 10 score 109 nodes 690718 1014ms clock 106909
  nativesearch e3h6 depth 12 score 89 nodes 2410237 2832ms clock 106393
  nativesearch e1e3 depth 11 score 99 nodes 798261 919ms clock 104059
  nativesearch g1f1 depth 12 score 120 nodes 2091899 2420ms clock 103638
  nativesearch g2e4 depth 11 score 463 nodes 1568750 1941ms clock 101716
  nativesearch e3f3 depth 13 score 650 nodes 2194591 2438ms clock 100273
  nativesearch f1f2 depth 9 score 936 nodes 1705685 1507ms clock 98333
  nativesearch a1g1 depth 5 score 99991 nodes 79222 75ms clock 97324
  nativesearch g1g4 depth 1 score 99993 nodes 111 0ms clock 97747
  nativesearch e4h7 depth 3 score 99995 nodes 5291 4ms clock 98245
  nativesearch h6g7 depth 1 score 99997 nodes 84 0ms clock 98740
  nativesearch h5h8 depth 1 score 99999 nodes 88 0ms clock 99238

Email hello@aichessathon.com with this file if anything here is unclear.
