AI CHESSATHON MATCH LOG
=======================

MATCH
  Round          Qualifier round 53
  Team           catfish
  Colour         White
  Opponent       zak
  Opening        King's Indian Classical
  Start FEN      rnbq1rk1/1pp2pbp/3p1np1/p2Pp3/2P1P3/2N2N1P/PP2BPP1/R1BQK2R b KQ - 0 8
  You moved      Second
  Machine        w-791165
  Finished       2026-09-07 14:06:18 UTC
  Match ID       e056b2e1-d721-4c8f-bdc0-c9f93087591d

INIT
  Ready in       40.7 s
  Budget         90.0 s
  Used           45 percent

CLOCK
  Base           120.0 s plus 0.5 s per move
  Moves          54
  Time used      135.0 s
  Slowest        32.8 s on move 1
  Fastest        0.0 s on move 53
  Average        2.5 s
  Left at end    12.0 s

RESULT
  Lost by checkmate
  Game lasted 270.4 s

MOVES
    #  move          time     clock left
    1  Bg5          32.8 s       87.7 s
    2  Be3           4.1 s       84.0 s
    3  Bf1           2.3 s       82.2 s
    4  g3            5.2 s       77.5 s
    5  Nxe4          4.3 s       73.7 s
    6  Nfd2          9.7 s       64.5 s
    7  h4            2.5 s       62.5 s
    8  Rc1           2.6 s       60.4 s
    9  h5            2.1 s       58.8 s
   10  c5            0.8 s       58.5 s
   11  cxd6          2.2 s       56.8 s
   12  Rh4           4.3 s       53.1 s
   13  Bxf4          6.5 s       47.0 s
   14  Be3           2.6 s       44.9 s
   15  Nc4           3.2 s       42.2 s
   16  a4            4.7 s       38.0 s
   17  Rh1           1.0 s       37.5 s
   18  Qb3           0.5 s       37.5 s
   19  fxg3          0.9 s       37.2 s
   20  Bh6           2.1 s       35.6 s
   21  Bg5           0.9 s       35.2 s
   22  g4            1.9 s       33.8 s
   23  Qg3           1.8 s       32.5 s
   24  Be7           1.1 s       31.9 s
   25  Rg1           0.8 s       31.6 s
   26  Rc2           3.7 s       28.4 s
   27  Rh2           4.4 s       24.6 s
   28  Rxh5          2.8 s       22.3 s
   29  d7            2.4 s       20.4 s
   30  Qxe5+         0.7 s       20.2 s
   31  Qxh5          1.4 s       19.4 s
   32  Qxf5+         2.0 s       17.9 s
   33  Bh3           1.4 s       17.0 s
   34  Bxf5+         1.9 s       15.6 s
   35  b3            0.9 s       15.2 s
   36  Ke2           1.5 s       14.2 s
   37  Rg5           0.6 s       14.1 s
   38  Ne5           1.6 s       13.0 s
   39  Nc4           1.1 s       12.4 s
   40  Rg4           0.8 s       12.1 s
   41  Rg1           0.6 s       12.0 s
   42  Rg2           0.8 s       11.7 s
   43  Rh2           0.6 s       11.6 s
   44  Nxa5          0.7 s       11.4 s
   45  Rxh4          2.0 s        9.9 s
   46  Kd1           0.7 s        9.7 s
   47  Nc4           0.2 s       10.0 s
   48  b4            0.7 s        9.8 s
   49  Kc1           0.2 s       10.1 s
   50  Nxe3          0.5 s       10.1 s
   51  a5            0.0 s       10.5 s
   52  Kb1           0.0 s       11.0 s
   53  Ka2           0.0 s       11.5 s
   54  a6            0.0 s       12.0 s

OUTPUT
  3,922 bytes on stderr

  init: native engine still compiling after 40.0s
  compile wait 30000 ms in get_move: native engine still compiling
  pyengine c1g5 depth 7 score 48 nodes 32439 2826ms clock 90000
  native engine ready after 111.2s
  compile wait 1302 ms in get_move: native engine ready
  nativesearch g5e3 depth 13 score 12 nodes 2033071 2832ms clock 86363
  nativesearch e2f1 depth 13 score 23 nodes 1591195 2308ms clock 84026
  nativesearch g2g3 depth 13 score -12 nodes 3451603 5180ms clock 82215
  nativesearch c3e4 depth 13 score -2 nodes 2842503 4340ms clock 77532
  nativesearch f3d2 depth 13 score -21 nodes 6232812 9722ms clock 73687
  nativesearch h3h4 depth 12 score -17 nodes 1609001 2481ms clock 64462
  nativesearch a1c1 depth 11 score -21 nodes 1699752 2598ms clock 62478
  nativesearch h4h5 depth 11 score 11 nodes 1371637 2117ms clock 60377
  nativesearch c4c5 depth 9 score 61 nodes 480732 787ms clock 58757
  nativesearch c5d6 depth 11 score -21 nodes 1372137 2149ms clock 58466
  nativesearch h1h4 depth 11 score -53 nodes 2753117 4254ms clock 56812
  nativesearch e3f4 depth 13 score -10 nodes 4382345 6517ms clock 53050
  nativesearch f4e3 depth 12 score -31 nodes 1740833 2601ms clock 47029
  nativesearch d2c4 depth 12 score -4 nodes 2203647 3231ms clock 44926
  nativesearch a2a4 depth 11 score -10 nodes 3165091 4726ms clock 42192
  nativesearch h4h1 depth 10 score -48 nodes 682286 961ms clock 37963
  nativesearch d1b3 depth 9 score -60 nodes 332209 487ms clock 37499
  nativesearch f2g3 depth 10 score -81 nodes 560464 842ms clock 37510
  nativesearch e3h6 depth 12 score -94 nodes 1460226 2069ms clock 37159
  nativesearch h6g5 depth 9 score -64 nodes 613621 907ms clock 35588
  nativesearch g3g4 depth 10 score -93 nodes 1246425 1885ms clock 35178
  nativesearch b3g3 depth 11 score -85 nodes 1246342 1817ms clock 33790
  nativesearch g5e7 depth 11 score -121 nodes 772757 1117ms clock 32471
  nativesearch h1g1 depth 11 score -97 nodes 544610 755ms clock 31851
  nativesearch c1c2 depth 11 score -204 nodes 2551463 3686ms clock 31592
  nativesearch c2h2 depth 11 score -233 nodes 3013727 4342ms clock 28403
  nativesearch h2h5 depth 10 score -330 nodes 1945130 2795ms clock 24552
  nativesearch d6d7 depth 11 score -566 nodes 1831031 2353ms clock 22254
  nativesearch g3e5 depth 11 score -545 nodes 495496 663ms clock 20398
  nativesearch e5h5 depth 12 score -566 nodes 1093395 1361ms clock 20232
  nativesearch h5f5 depth 12 score -561 nodes 1797647 1969ms clock 19369
  nativesearch f1h3 depth 13 score -556 nodes 1263464 1373ms clock 17897
  nativesearch h3f5 depth 14 score -600 nodes 1672681 1901ms clock 17021
  nativesearch b2b3 depth 14 score -613 nodes 838970 914ms clock 15617
  nativesearch e1e2 depth 11 score -597 nodes 1480110 1528ms clock 15201
  nativesearch g1g5 depth 11 score -590 nodes 532088 556ms clock 14171
  nativesearch c4e5 depth 11 score -621 nodes 1571082 1634ms clock 14111
  nativesearch e5c4 depth 11 score -699 nodes 1022177 1108ms clock 12970
  nativesearch g5g4 depth 11 score -676 nodes 694641 767ms clock 12360
  nativesearch g4g1 depth 11 score -713 nodes 487689 550ms clock 12090
  nativesearch g1g2 depth 11 score -719 nodes 814991 823ms clock 12038
  nativesearch g2h2 depth 11 score -734 nodes 593298 615ms clock 11713
  nativesearch c4a5 depth 10 score -723 nodes 619991 662ms clock 11596
  nativesearch h2h4 depth 11 score -761 nodes 2239656 2008ms clock 11431
  nativesearch e2d1 depth 10 score -964 nodes 807076 718ms clock 9921
  nativesearch a5c4 depth 11 score -1000 nodes 253246 227ms clock 9700
  nativesearch b3b4 depth 10 score -979 nodes 824204 710ms clock 9967
  nativesearch d1c1 depth 10 score -1008 nodes 201828 197ms clock 9755
  nativesearch c4e3 depth 10 score -1119 nodes 518166 483ms clock 10053
  nativesearch a4a5 depth 8 score -99992 nodes 46469 37ms clock 10068
  nativesearch c1b1 depth 1 score -99994 nodes 9 0ms clock 10528
  nativesearch b1a2 depth 0 score 0 nodes 0 0ms clock 11026
  nativesearch a5a6 depth 2 score -99998 nodes 17 1ms clock 11523

Email hello@aichessathon.com with this file if anything here is unclear.
