AI CHESSATHON MATCH LOG
=======================

MATCH
  Round          Qualifier round 100
  Team           catfish
  Colour         Black
  Opponent       omega3 fish
  Opening        Two Knights Defence
  Start FEN      r1bqk2r/ppp1bppp/2n5/3np3/P1B5/3P1N2/1PP2PPP/RNBQ1RK1 b kq - 1 7
  You moved      First
  Machine        w-4e8c1d
  Finished       2026-09-10 16:07:00 UTC
  Match ID       28e368d3-4f7e-461e-83ac-5df47add03b6

INIT
  Ready in       26.2 s
  Budget         90.0 s
  Used           29 percent

CLOCK
  Base           120.0 s plus 0.5 s per move
  Moves          75
  Time used      144.9 s
  Slowest        10.3 s on move 7
  Fastest        0.0 s on move 46
  Average        1.9 s
  Left at end    12.6 s

RESULT
  Won by checkmate
  Game lasted 286.0 s

MOVES
    #  move          time     clock left
    1  Be6           2.5 s      118.0 s
    2  f6            2.2 s      116.3 s
    3  Qd7           5.6 s      111.2 s
    4  O-O-O         5.3 s      106.4 s
    5  Nxe5          7.5 s       99.3 s
    6  fxe5          1.1 s       98.7 s
    7  Bf6          10.3 s       88.9 s
    8  Rhe8          1.3 s       88.1 s
    9  Nf4           2.5 s       86.1 s
   10  Rxd7          1.5 s       85.2 s
   11  exf4          2.9 s       82.8 s
   12  g5            4.9 s       78.4 s
   13  fxg3          1.4 s       77.5 s
   14  h5            1.0 s       77.0 s
   15  a6            1.7 s       75.8 s
   16  Rd5           2.8 s       73.4 s
   17  Bd7           2.0 s       72.0 s
   18  Bxe8          2.5 s       69.9 s
   19  Bd7           1.0 s       69.4 s
   20  h4            3.4 s       66.5 s
   21  Rb5           1.5 s       65.5 s
   22  gxf4          1.3 s       64.7 s
   23  Bxh4          1.7 s       63.5 s
   24  Bd8           2.2 s       61.8 s
   25  Rf5           3.1 s       59.2 s
   26  Rg5           6.1 s       53.6 s
   27  Bb5           8.9 s       45.2 s
   28  c6            2.2 s       43.5 s
   29  Ba4           0.6 s       43.4 s
   30  Bf6           1.4 s       42.5 s
   31  Bc3           1.7 s       41.3 s
   32  Kc7           1.5 s       40.3 s
   33  Rg8           3.7 s       37.1 s
   34  Rf8           2.8 s       34.8 s
   35  Bc2           1.0 s       34.2 s
   36  Re8+          1.1 s       33.6 s
   37  Bd1+          1.9 s       32.3 s
   38  Be1+          2.7 s       30.0 s
   39  Be2           2.0 s       28.5 s
   40  Rf8           1.1 s       28.0 s
   41  Rg8+          4.8 s       23.7 s
   42  Bc3           0.9 s       23.2 s
   43  Rg4           2.9 s       20.8 s
   44  Kb8           0.5 s       20.8 s
   45  Bf3           0.7 s       20.6 s
   46  Ka8           0.0 s       21.1 s
   47  Bxg2          1.3 s       20.3 s
   48  Bxb4          1.0 s       19.7 s
   49  Kb8           0.0 s       20.2 s
   50  Ka7           1.9 s       18.8 s
   51  Ka8           0.0 s       19.3 s
   52  Rxb4          0.9 s       18.9 s
   53  Kb7           0.5 s       18.9 s
   54  Ka6           2.2 s       17.2 s
   55  Kxa5          0.6 s       17.2 s
   56  Rh4           0.6 s       17.1 s
   57  Rc4           0.5 s       17.1 s
   58  Rxc5          1.1 s       16.5 s
   59  Kb4           0.3 s       16.7 s
   60  Rc3+          2.5 s       14.7 s
   61  c5            1.2 s       14.0 s
   62  Kc4           2.5 s       12.0 s
   63  Kd5           2.0 s       10.6 s
   64  Ke4           1.5 s        9.5 s
   65  Re3+          1.0 s        9.1 s
   66  Rxe1          0.7 s        8.9 s
   67  Rc1+          0.3 s        9.1 s
   68  Rc4           0.3 s        9.2 s
   69  Rc2+          0.1 s        9.6 s
   70  Kd3           0.0 s       10.1 s
   71  Re2+          0.0 s       10.6 s
   72  c4            0.0 s       11.1 s
   73  c3            0.0 s       11.6 s
   74  c2            0.0 s       12.1 s
   75  c1=Q#         0.0 s       12.6 s

OUTPUT
  5,211 bytes on stderr

  native engine ready after 25.7s
  init: native engine ready after 25.7s
  nativesearch c8e6 depth 12 score -32 nodes 1508906 2513ms clock 120000
  nativesearch f7f6 depth 13 score -21 nodes 1370418 2213ms clock 117983
  nativesearch d8d7 depth 14 score -1 nodes 3343110 5593ms clock 116268
  nativesearch e8c8 depth 14 score -3 nodes 3203131 5313ms clock 111172
  nativesearch c6e5 depth 14 score -16 nodes 4443165 7534ms clock 106357
  nativesearch f6e5 depth 14 score -14 nodes 687987 1111ms clock 99320
  nativesearch e7f6 depth 14 score 19 nodes 6330747 10262ms clock 98707
  nativesearch h8e8 depth 13 score 24 nodes 834379 1302ms clock 88942
  nativesearch d5f4 depth 14 score 28 nodes 1723979 2522ms clock 88138
  nativesearch d8d7 depth 15 score 30 nodes 1067799 1456ms clock 86115
  nativesearch e5f4 depth 17 score 36 nodes 2207522 2895ms clock 85156
  nativesearch g7g5 depth 16 score 26 nodes 3582993 4897ms clock 82759
  nativesearch f4g3 depth 14 score 51 nodes 1070022 1392ms clock 78359
  nativesearch h7h5 depth 15 score 61 nodes 714536 984ms clock 77465
  nativesearch a7a6 depth 13 score 86 nodes 1275750 1691ms clock 76979
  nativesearch d7d5 depth 15 score 124 nodes 2152879 2847ms clock 75785
  nativesearch e6d7 depth 15 score 114 nodes 1510574 1966ms clock 73436
  nativesearch d7e8 depth 16 score 123 nodes 1953870 2531ms clock 71968
  nativesearch e8d7 depth 16 score 123 nodes 775562 1018ms clock 69934
  nativesearch h5h4 depth 15 score 114 nodes 2692280 3386ms clock 69413
  nativesearch d5b5 depth 15 score 116 nodes 1206467 1485ms clock 66524
  nativesearch g5f4 depth 14 score 92 nodes 1099221 1315ms clock 65536
  nativesearch f6h4 depth 14 score 98 nodes 1477274 1685ms clock 64718
  nativesearch h4d8 depth 15 score 93 nodes 1857260 2201ms clock 63531
  nativesearch b5f5 depth 16 score 152 nodes 2750278 3125ms clock 61829
  nativesearch f5g5 depth 16 score 144 nodes 4997331 6101ms clock 59195
  nativesearch d7b5 depth 16 score 145 nodes 7237967 8868ms clock 53590
  nativesearch c7c6 depth 15 score 187 nodes 1935468 2241ms clock 45220
  nativesearch b5a4 depth 15 score 187 nodes 535330 575ms clock 43477
  nativesearch d8f6 depth 14 score 206 nodes 1187676 1377ms clock 43400
  nativesearch f6c3 depth 13 score 219 nodes 1427767 1722ms clock 42521
  nativesearch c8c7 depth 13 score 203 nodes 1239579 1537ms clock 41297
  nativesearch g5g8 depth 14 score 223 nodes 3065788 3679ms clock 40258
  nativesearch g8f8 depth 13 score 219 nodes 2366061 2809ms clock 37076
  nativesearch a4c2 depth 13 score 222 nodes 881362 1035ms clock 34764
  nativesearch f8e8 depth 13 score 276 nodes 940754 1104ms clock 34227
  nativesearch c2d1 depth 15 score 241 nodes 1592864 1848ms clock 33621
  nativesearch c3e1 depth 16 score 310 nodes 2373750 2721ms clock 32267
  nativesearch d1e2 depth 17 score 325 nodes 1776719 1995ms clock 30042
  nativesearch e8f8 depth 17 score 325 nodes 947759 1075ms clock 28544
  nativesearch f8g8 depth 16 score 325 nodes 4332239 4814ms clock 27967
  nativesearch e1c3 depth 12 score 363 nodes 796127 899ms clock 23651
  nativesearch g8g4 depth 14 score 379 nodes 2664405 2908ms clock 23239
  nativesearch c7b8 depth 14 score 363 nodes 484094 531ms clock 20828
  nativesearch e2f3 depth 14 score 392 nodes 624719 689ms clock 20793
  nativesearch b8a8 depth 0 score 0 nodes 0 0ms clock 20602
  nativesearch f3g2 depth 15 score 427 nodes 1318947 1327ms clock 21100
  nativesearch c3b4 depth 15 score 432 nodes 1070266 1037ms clock 20271
  nativesearch a8b8 depth 0 score 0 nodes 0 0ms clock 19731
  nativesearch b8a7 depth 15 score 452 nodes 1826987 1897ms clock 20229
  nativesearch a7a8 depth 0 score 0 nodes 0 0ms clock 18829
  nativesearch g4b4 depth 17 score 476 nodes 1183215 940ms clock 19327
  nativesearch a8b7 depth 16 score 505 nodes 559827 464ms clock 18883
  nativesearch b7a6 depth 16 score 575 nodes 2878302 2191ms clock 18916
  nativesearch a6a5 depth 15 score 572 nodes 742750 555ms clock 17221
  nativesearch b4h4 depth 14 score 597 nodes 798842 592ms clock 17164
  nativesearch h4c4 depth 15 score 619 nodes 646981 479ms clock 17070
  nativesearch c4c5 depth 16 score 645 nodes 1391462 1062ms clock 17089
  nativesearch a5b4 depth 15 score 654 nodes 396477 299ms clock 16525
  nativesearch c5c3 depth 15 score 681 nodes 3300675 2514ms clock 16724
  nativesearch c6c5 depth 14 score 717 nodes 1551733 1201ms clock 14709
  nativesearch b4c4 depth 15 score 747 nodes 3215865 2479ms clock 14006
  nativesearch c4d5 depth 16 score 844 nodes 2567774 1958ms clock 12025
  nativesearch d5e4 depth 15 score 1173 nodes 1988822 1537ms clock 10565
  nativesearch c3e3 depth 16 score 2185 nodes 1573577 964ms clock 9526
  nativesearch e3e1 depth 16 score 3052 nodes 1151177 682ms clock 9060
  nativesearch e1c1 depth 12 score 99971 nodes 593405 321ms clock 8877
  nativesearch c1c4 depth 15 score 99985 nodes 621037 318ms clock 9055
  nativesearch c4c2 depth 13 score 99987 nodes 169528 87ms clock 9234
  nativesearch e4d3 depth 11 score 99989 nodes 14846 8ms clock 9645
  nativesearch c2e2 depth 9 score 99991 nodes 3504 3ms clock 10135
  nativesearch c5c4 depth 7 score 99993 nodes 285 1ms clock 10630
  nativesearch c4c3 depth 5 score 99995 nodes 236 1ms clock 11128
  nativesearch c3c2 depth 3 score 99997 nodes 109 0ms clock 11626
  nativesearch c2c1q depth 1 score 99999 nodes 22 0ms clock 12123

Email hello@aichessathon.com with this file if anything here is unclear.
