AI CHESSATHON MATCH LOG
=======================

MATCH
  Round          Rated 48
  Team           catfish
  Colour         Black
  Opponent       ms
  Opening        English Symmetrical
  Start FEN      r1bq1rk1/pp2ppbp/2n3p1/2pn4/3P4/2N1PNP1/PP3PBP/R1BQK2R w KQ - 0 9
  You moved      Second
  Machine        w-9e67d0
  Finished       2026-09-07 09:05:29 UTC
  Match ID       e561f461-90c6-4db2-96f8-1a60f6a57192

INIT
  Ready in       40.5 s
  Budget         90.0 s
  Used           45 percent

CLOCK
  Base           120.0 s plus 0.5 s per move
  Moves          40
  Time used      122.5 s
  Slowest        16.4 s on move 1
  Fastest        0.0 s on move 39
  Average        3.1 s
  Left at end    17.5 s

RESULT
  Lost by checkmate
  Game lasted 229.7 s

MOVES
    #  move          time     clock left
    1  cxd4         16.4 s      104.1 s
    2  Nxc3          2.4 s      102.2 s
    3  Bd7           2.5 s      100.2 s
    4  Bxc6          2.7 s       97.9 s
    5  bxc6          1.0 s       97.4 s
    6  Rfxd8         4.8 s       93.1 s
    7  Kf8           1.9 s       91.7 s
    8  Rd5           2.5 s       89.7 s
    9  Ra5           3.6 s       86.6 s
   10  c5            3.1 s       84.0 s
   11  Rd8           3.5 s       80.9 s
   12  Be5           2.3 s       79.1 s
   13  Bc7           5.1 s       74.6 s
   14  Bb6           3.8 s       71.3 s
   15  f6            2.5 s       69.3 s
   16  Ra4           3.2 s       66.5 s
   17  f5            0.9 s       66.1 s
   18  gxf5          2.5 s       64.1 s
   19  Rd6           2.8 s       61.8 s
   20  f4            2.1 s       60.2 s
   21  Ke8           2.7 s       58.0 s
   22  Rd3+          3.9 s       54.6 s
   23  Rd6           1.8 s       53.4 s
   24  Kf8           5.2 s       48.7 s
   25  Rxd5+         2.6 s       46.6 s
   26  c4            3.6 s       43.5 s
   27  Bxf2          1.4 s       42.6 s
   28  c3            6.2 s       36.9 s
   29  f3            7.2 s       30.3 s
   30  Be3           2.8 s       28.0 s
   31  Kg8           4.5 s       24.0 s
   32  Rf4+          3.1 s       21.3 s
   33  Rxf7          1.1 s       20.7 s
   34  Kxf7          2.1 s       19.1 s
   35  f2            3.8 s       15.8 s
   36  a5            0.8 s       15.5 s
   37  Ke8           0.1 s       16.0 s
   38  Kd8           0.0 s       16.5 s
   39  Kc8           0.0 s       17.0 s
   40  Bc5           0.0 s       17.5 s

OUTPUT
  2,911 bytes on stderr

  init: native engine still compiling after 40.0s
  native engine ready after 56.3s
  compile wait 13262 ms in get_move: native engine ready
  nativesearch c5d4 depth 12 score 22 nodes 2847220 3092ms clock 106738
  nativesearch d5c3 depth 13 score 27 nodes 2370772 2442ms clock 104142
  nativesearch c8d7 depth 12 score 20 nodes 2428238 2515ms clock 102198
  nativesearch d7c6 depth 15 score 36 nodes 2991078 2744ms clock 100181
  nativesearch b7c6 depth 14 score 28 nodes 1103645 990ms clock 97935
  nativesearch f8d8 depth 16 score 45 nodes 5763515 4807ms clock 97443
  nativesearch g8f8 depth 15 score 50 nodes 2300495 1922ms clock 93133
  nativesearch d8d5 depth 14 score 48 nodes 3008878 2534ms clock 91709
  nativesearch d5a5 depth 15 score 43 nodes 4070444 3576ms clock 89673
  nativesearch c6c5 depth 14 score 33 nodes 3570248 3111ms clock 86595
  nativesearch a8d8 depth 14 score 20 nodes 4057783 3547ms clock 83982
  nativesearch g7e5 depth 14 score 32 nodes 2609281 2316ms clock 80933
  nativesearch e5c7 depth 15 score 28 nodes 6118587 5057ms clock 79115
  nativesearch c7b6 depth 14 score 28 nodes 4483950 3760ms clock 74556
  nativesearch f7f6 depth 16 score 34 nodes 2942197 2525ms clock 71294
  nativesearch a5a4 depth 14 score 35 nodes 3633746 3243ms clock 69267
  nativesearch f6f5 depth 14 score -5 nodes 999059 897ms clock 66522
  nativesearch g6f5 depth 16 score 18 nodes 2760516 2512ms clock 66122
  nativesearch d8d6 depth 16 score 0 nodes 3161476 2819ms clock 64109
  nativesearch f5f4 depth 13 score -57 nodes 2365090 2118ms clock 61787
  nativesearch f8e8 depth 14 score -59 nodes 2944490 2684ms clock 60167
  nativesearch d6d3 depth 15 score -141 nodes 4172446 3856ms clock 57981
  nativesearch d3d6 depth 14 score -174 nodes 1938709 1761ms clock 54623
  nativesearch e8f8 depth 16 score -253 nodes 5665140 5161ms clock 53360
  nativesearch d6d5 depth 17 score -342 nodes 2810762 2582ms clock 48697
  nativesearch c5c4 depth 18 score -404 nodes 3957722 3621ms clock 46613
  nativesearch b6f2 depth 17 score -303 nodes 1465925 1351ms clock 43490
  nativesearch c4c3 depth 18 score -549 nodes 6962336 6198ms clock 42637
  nativesearch f4f3 depth 16 score -549 nodes 8366050 7158ms clock 36937
  nativesearch f2e3 depth 17 score -950 nodes 3220897 2822ms clock 30277
  nativesearch f8g8 depth 18 score -1432 nodes 5660034 4496ms clock 27953
  nativesearch a4f4 depth 18 score -1534 nodes 3929569 3147ms clock 23955
  nativesearch f4f7 depth 18 score -1534 nodes 1274746 1058ms clock 21306
  nativesearch g8f7 depth 17 score -1527 nodes 2575615 2135ms clock 20747
  nativesearch f3f2 depth 16 score -1527 nodes 4740181 3764ms clock 19110
  nativesearch a7a5 depth 12 score -1389 nodes 1033709 825ms clock 15844
  nativesearch f7e8 depth 10 score -99992 nodes 64801 52ms clock 15517
  nativesearch e8d8 depth 1 score -99994 nodes 33 1ms clock 15962
  nativesearch d8c8 depth 0 score 0 nodes 0 0ms clock 16460
  nativesearch e3c5 depth 1 score -99998 nodes 29 0ms clock 16958

Email hello@aichessathon.com with this file if anything here is unclear.
