[19:00:21Z] building
[19:00:31Z] upload expands to 4,813,832 bytes
[19:00:31Z] docker build
Sending build context to Docker daemon  4.821MB

Step 1/2 : FROM aichessathon/agent-base:latest
 ---> eeaf64b96a67
Step 2/2 : COPY . /agent
 ---> ee7197ba0b1c
Successfully built ee7197ba0b1c
Successfully tagged aichessathon/agent:d14c75d9-40d1-470d-9b03-6b7a356c1043
DEPRECATED: The legacy builder is deprecated and will be removed in a future release.
            Install the buildx component to build images with BuildKit:
            https://docs.docker.com/go/buildx/
[19:00:54Z] pushed aichessathon.azurecr.io/agents:d14c75d9-40d1-470d-9b03-6b7a356c1043
[19:00:54Z] image aichessathon.azurecr.io/agents@sha256:ee7197ba0b1cdeeb151e76368ca8ad2078f2c404c28b2d936a22710189dd038d
[19:00:54Z] smoke
[19:00:54Z] your process is suspended while your opponent moves, so anything you compute between your own moves does not run
[19:00:54Z] smoke game: 20 plies as white from r1bqkb1r/1p3ppp/p1np1n2/4p3/4P3/N1N2P2/PPP3PP/R1BQKB1R b KQkq - 1 8
[19:02:30Z] ready in 40.6 s of the 90 s init budget
[19:02:30Z] played 10 moves, slowest 31.7 s
[19:02:30Z] game ended draw by ply_cap
[19:02:30Z] your agent wrote to stderr
init: native engine still compiling after 40.0s
compile wait 30000 ms in get_move: native engine still compiling
pyengine a3c4 depth 6 score -26 nodes 18170 1662ms clock 90000
between-moves wall 0.10s cpu 0.04s (SUSPENDED)
native engine ready after 78.8s
compile wait 6945 ms in get_move: native engine ready
nativesearch c4a5 depth 14 score 859 nodes 1584527 1954ms clock 81883
between-moves wall 0.09s cpu 0.04s (SUSPENDED)
nativesearch c1g5 depth 12 score 1580 nodes 1300429 1543ms clock 80425
between-moves wall 0.08s cpu 0.04s (ALIVE)
nativesearch g5f6 depth 12 score 1829 nodes 1663760 1912ms clock 79378
between-moves wall 0.08s cpu 0.04s (SUSPENDED)
nativesearch a5c6 depth 14 score 1878 nodes 1701020 2004ms clock 77962
between-moves wall 0.10s cpu 0.04s (SUSPENDED)
nativesearch c6a5 depth 12 score 2148 nodes 2053119 2430ms clock 76456
between-moves wall 0.09s cpu 0.05s (ALIVE)
nativesearch c3a4 depth 12 score 2469 nodes 2381101 2694ms clock 74522
between-moves wall 0.09s cpu 0.05s (SUSPENDED)
nativesearch a5c4 depth 12 score 2520 nodes 1205540 1426ms clock 72324
between-moves wall 0.10s cpu 0.04s (SUSPENDED)
nativesearch c4d6 depth 11 score 3125 nodes 1722603 1911ms clock 71395
between-moves wall 0.08s cpu 0.04s (ALIVE)
nativesearch d1d6 depth 3 score 99997 nodes 384 1ms clock 69981
[19:02:30Z] smoke game: 20 plies as black from r1bq1rk1/2p1bppp/p2p1n2/np2p3/4P3/P2P1N2/BPP2PPP/RNBQR1K1 b - - 2 10
[19:04:21Z] ready in 40.6 s of the 90 s init budget
[19:04:21Z] played 10 moves, slowest 32.9 s
[19:04:21Z] game ended draw by ply_cap
[19:04:21Z] your agent wrote to stderr
init: native engine still compiling after 40.0s
compile wait 30000 ms in get_move: native engine still compiling
pyengine c8b7 depth 6 score 9 nodes 21076 2924ms clock 90000
between-moves wall 0.12s cpu 0.06s (SUSPENDED)
native engine ready after 87.8s
compile wait 14621 ms in get_move: native engine ready
nativesearch b5c4 depth 13 score 362 nodes 1393198 1729ms clock 72946
between-moves wall 0.11s cpu 0.05s (SUSPENDED)
nativesearch c4d3 depth 13 score 372 nodes 1266614 2552ms clock 71697
between-moves wall 0.11s cpu 0.06s (ALIVE)
nativesearch d3c2 depth 13 score 384 nodes 627391 1197ms clock 69639
between-moves wall 0.11s cpu 0.05s (SUSPENDED)
nativesearch c2d1r depth 13 score 1595 nodes 1277917 1385ms clock 68938
between-moves wall 0.12s cpu 0.05s (SUSPENDED)
nativesearch d1e1 depth 13 score 2664 nodes 1977578 2641ms clock 68045
between-moves wall 0.11s cpu 0.06s (ALIVE)
nativesearch b7e4 depth 14 score 2716 nodes 3258286 4675ms clock 65899
between-moves wall 0.10s cpu 0.04s (SUSPENDED)
nativesearch e1f1 depth 12 score 2831 nodes 1088413 1634ms clock 61719
between-moves wall 0.11s cpu 0.04s (SUSPENDED)
nativesearch a5b3 depth 14 score 2904 nodes 2487080 3710ms clock 60581
between-moves wall 0.11s cpu 0.05s (SUSPENDED)
nativesearch e4b1 depth 12 score 3115 nodes 1191178 1871ms clock 57367
[19:04:21Z] valid